stretching 10.0
type_eddy -1.0
dy 1000.0
H_eddy 1000.0
V0_eddy 0.25
ngrid_y 300.0
Lx 300000.0
Lz 4000.0
dx 1000.0
ngrid_z 100.0
R_eddy 15000.0
power_shape 20.0
refinement 10.0
Ly 300000.0
ngrid_x 300.0
i: 0000, t: 0 seconds, Δt: 1.100 seconds, umax = (2.6e-01, 2.6e-01, 4.4e-03) ms⁻¹, wall time: 0 seconds
i: 1000, t: 6.245 hours, Δt: 30 seconds, umax = (2.5e-01, 2.4e-01, 1.6e-03) ms⁻¹, wall time: 2.779 minutes
i: 2000, t: 14.578 hours, Δt: 30 seconds, umax = (2.5e-01, 2.5e-01, 3.8e-03) ms⁻¹, wall time: 4.382 minutes
i: 3000, t: 22.911 hours, Δt: 30 seconds, umax = (2.5e-01, 2.5e-01, 4.3e-03) ms⁻¹, wall time: 5.978 minutes
i: 4000, t: 1.302 days, Δt: 30 seconds, umax = (2.4e-01, 2.5e-01, 3.9e-03) ms⁻¹, wall time: 7.626 minutes
i: 5000, t: 1.649 days, Δt: 30 seconds, umax = (2.4e-01, 2.4e-01, 3.2e-03) ms⁻¹, wall time: 9.201 minutes
i: 6000, t: 1.996 days, Δt: 30 seconds, umax = (2.5e-01, 2.5e-01, 2.7e-03) ms⁻¹, wall time: 10.757 minutes
i: 7000, t: 2.343 days, Δt: 30 seconds, umax = (2.4e-01, 2.5e-01, 2.0e-03) ms⁻¹, wall time: 12.349 minutes
i: 8000, t: 2.691 days, Δt: 30 seconds, umax = (2.4e-01, 2.4e-01, 1.9e-03) ms⁻¹, wall time: 13.870 minutes
i: 9000, t: 3.038 days, Δt: 30 seconds, umax = (2.5e-01, 2.5e-01, 1.7e-03) ms⁻¹, wall time: 15.443 minutes
i: 10000, t: 3.385 days, Δt: 30 seconds, umax = (2.5e-01, 2.4e-01, 1.4e-03) ms⁻¹, wall time: 16.962 minutes
i: 11000, t: 3.732 days, Δt: 30 seconds, umax = (2.4e-01, 2.4e-01, 1.2e-03) ms⁻¹, wall time: 18.480 minutes
i: 12000, t: 4.080 days, Δt: 30 seconds, umax = (2.4e-01, 2.5e-01, 1.1e-03) ms⁻¹, wall time: 20.048 minutes
i: 13000, t: 4.427 days, Δt: 30 seconds, umax = (2.4e-01, 2.4e-01, 1.1e-03) ms⁻¹, wall time: 21.572 minutes
i: 14000, t: 4.774 days, Δt: 30 seconds, umax = (2.4e-01, 2.4e-01, 1.0e-03) ms⁻¹, wall time: 23.096 minutes
i: 15000, t: 5.121 days, Δt: 30 seconds, umax = (2.4e-01, 2.4e-01, 8.4e-04) ms⁻¹, wall time: 24.666 minutes
i: 16000, t: 5.468 days, Δt: 30 seconds, umax = (2.4e-01, 2.4e-01, 7.9e-04) ms⁻¹, wall time: 26.193 minutes
i: 17000, t: 5.816 days, Δt: 30 seconds, umax = (2.4e-01, 2.4e-01, 6.5e-04) ms⁻¹, wall time: 27.721 minutes
i: 18000, t: 6.163 days, Δt: 30 seconds, umax = (2.4e-01, 2.5e-01, 7.9e-04) ms⁻¹, wall time: 29.297 minutes
i: 19000, t: 6.510 days, Δt: 30 seconds, umax = (2.4e-01, 2.5e-01, 7.5e-04) ms⁻¹, wall time: 30.827 minutes
i: 20000, t: 6.857 days, Δt: 30 seconds, umax = (2.4e-01, 2.5e-01, 6.1e-04) ms⁻¹, wall time: 32.355 minutes
i: 21000, t: 7.205 days, Δt: 30 seconds, umax = (2.5e-01, 2.5e-01, 7.7e-04) ms⁻¹, wall time: 33.929 minutes
i: 22000, t: 7.552 days, Δt: 30 seconds, umax = (2.5e-01, 2.4e-01, 6.2e-04) ms⁻¹, wall time: 35.464 minutes
i: 23000, t: 7.899 days, Δt: 30 seconds, umax = (2.5e-01, 2.4e-01, 8.8e-04) ms⁻¹, wall time: 36.996 minutes
i: 24000, t: 8.246 days, Δt: 30 seconds, umax = (2.5e-01, 2.4e-01, 9.6e-04) ms⁻¹, wall time: 38.577 minutes
i: 25000, t: 8.593 days, Δt: 30 seconds, umax = (2.5e-01, 2.4e-01, 8.6e-04) ms⁻¹, wall time: 40.114 minutes
i: 26000, t: 8.941 days, Δt: 30 seconds, umax = (2.4e-01, 2.4e-01, 6.8e-04) ms⁻¹, wall time: 41.652 minutes
i: 27000, t: 9.288 days, Δt: 30 seconds, umax = (2.4e-01, 2.4e-01, 8.5e-04) ms⁻¹, wall time: 43.228 minutes
i: 28000, t: 9.635 days, Δt: 30 seconds, umax = (2.4e-01, 2.4e-01, 6.7e-04) ms⁻¹, wall time: 44.798 minutes
i: 29000, t: 9.982 days, Δt: 30 seconds, umax = (2.4e-01, 2.4e-01, 6.7e-04) ms⁻¹, wall time: 46.359 minutes
i: 30000, t: 10.330 days, Δt: 30 seconds, umax = (2.4e-01, 2.4e-01, 7.7e-04) ms⁻¹, wall time: 47.957 minutes
i: 31000, t: 10.677 days, Δt: 30 seconds, umax = (2.4e-01, 2.5e-01, 6.1e-04) ms⁻¹, wall time: 49.499 minutes
i: 32000, t: 11.024 days, Δt: 30 seconds, umax = (2.4e-01, 2.5e-01, 1.2e-03) ms⁻¹, wall time: 51.088 minutes
i: 33000, t: 11.371 days, Δt: 30 seconds, umax = (2.4e-01, 2.5e-01, 8.3e-04) ms⁻¹, wall time: 52.624 minutes
i: 34000, t: 11.718 days, Δt: 30 seconds, umax = (2.5e-01, 2.5e-01, 7.1e-04) ms⁻¹, wall time: 54.157 minutes
i: 35000, t: 12.066 days, Δt: 30 seconds, umax = (2.5e-01, 2.4e-01, 1.1e-03) ms⁻¹, wall time: 55.754 minutes
i: 36000, t: 12.413 days, Δt: 30 seconds, umax = (2.4e-01, 2.4e-01, 8.8e-04) ms⁻¹, wall time: 57.292 minutes
i: 37000, t: 12.760 days, Δt: 30 seconds, umax = (2.4e-01, 2.4e-01, 7.3e-04) ms⁻¹, wall time: 58.829 minutes
i: 38000, t: 13.107 days, Δt: 30 seconds, umax = (2.4e-01, 2.4e-01, 8.4e-04) ms⁻¹, wall time: 1.007 hours
i: 39000, t: 13.455 days, Δt: 30 seconds, umax = (2.4e-01, 2.4e-01, 8.3e-04) ms⁻¹, wall time: 1.033 hours
i: 40000, t: 13.802 days, Δt: 30 seconds, umax = (2.4e-01, 2.4e-01, 7.0e-04) ms⁻¹, wall time: 1.058 hours
i: 41000, t: 14.149 days, Δt: 30 seconds, umax = (2.4e-01, 2.4e-01, 6.4e-04) ms⁻¹, wall time: 1.085 hours
i: 42000, t: 14.496 days, Δt: 30 seconds, umax = (2.4e-01, 2.4e-01, 1.1e-03) ms⁻¹, wall time: 1.111 hours
i: 43000, t: 14.843 days, Δt: 30 seconds, umax = (2.4e-01, 2.4e-01, 8.4e-04) ms⁻¹, wall time: 1.137 hours
i: 44000, t: 15.191 days, Δt: 30 seconds, umax = (2.4e-01, 2.4e-01, 7.2e-04) ms⁻¹, wall time: 1.163 hours
i: 45000, t: 15.538 days, Δt: 30 seconds, umax = (2.4e-01, 2.4e-01, 7.7e-04) ms⁻¹, wall time: 1.189 hours
i: 46000, t: 15.885 days, Δt: 30 seconds, umax = (2.4e-01, 2.4e-01, 7.8e-04) ms⁻¹, wall time: 1.215 hours
i: 47000, t: 16.232 days, Δt: 30 seconds, umax = (2.4e-01, 2.4e-01, 6.4e-04) ms⁻¹, wall time: 1.241 hours
i: 48000, t: 16.580 days, Δt: 30 seconds, umax = (2.4e-01, 2.4e-01, 6.5e-04) ms⁻¹, wall time: 1.267 hours
i: 49000, t: 16.927 days, Δt: 30 seconds, umax = (2.4e-01, 2.4e-01, 7.5e-04) ms⁻¹, wall time: 1.293 hours
i: 50000, t: 17.274 days, Δt: 30 seconds, umax = (2.4e-01, 2.4e-01, 7.9e-04) ms⁻¹, wall time: 1.319 hours
i: 51000, t: 17.621 days, Δt: 30 seconds, umax = (2.4e-01, 2.4e-01, 7.8e-04) ms⁻¹, wall time: 1.345 hours
i: 52000, t: 17.968 days, Δt: 30 seconds, umax = (2.4e-01, 2.4e-01, 6.4e-04) ms⁻¹, wall time: 1.371 hours
i: 53000, t: 18.316 days, Δt: 30 seconds, umax = (2.4e-01, 2.4e-01, 1.1e-03) ms⁻¹, wall time: 1.398 hours
i: 54000, t: 18.663 days, Δt: 30 seconds, umax = (2.4e-01, 2.4e-01, 6.8e-04) ms⁻¹, wall time: 1.423 hours
i: 55000, t: 19.010 days, Δt: 30 seconds, umax = (2.4e-01, 2.4e-01, 1.2e-03) ms⁻¹, wall time: 1.450 hours
i: 56000, t: 19.357 days, Δt: 30 seconds, umax = (2.4e-01, 2.4e-01, 9.3e-04) ms⁻¹, wall time: 1.476 hours
i: 57000, t: 19.705 days, Δt: 30 seconds, umax = (2.4e-01, 2.4e-01, 7.4e-04) ms⁻¹, wall time: 1.502 hours
i: 58000, t: 20.052 days, Δt: 30 seconds, umax = (2.4e-01, 2.4e-01, 7.5e-04) ms⁻¹, wall time: 1.528 hours
i: 59000, t: 20.399 days, Δt: 30 seconds, umax = (2.4e-01, 2.4e-01, 1.0e-03) ms⁻¹, wall time: 1.554 hours
i: 60000, t: 20.746 days, Δt: 30 seconds, umax = (2.4e-01, 2.4e-01, 8.2e-04) ms⁻¹, wall time: 1.580 hours
i: 61000, t: 21.093 days, Δt: 30 seconds, umax = (2.4e-01, 2.4e-01, 5.5e-04) ms⁻¹, wall time: 1.606 hours
i: 62000, t: 21.441 days, Δt: 30 seconds, umax = (2.4e-01, 2.4e-01, 5.9e-04) ms⁻¹, wall time: 1.632 hours
i: 63000, t: 21.788 days, Δt: 30 seconds, umax = (2.4e-01, 2.4e-01, 6.4e-04) ms⁻¹, wall time: 1.658 hours
i: 64000, t: 22.135 days, Δt: 30 seconds, umax = (2.4e-01, 2.4e-01, 5.4e-04) ms⁻¹, wall time: 1.685 hours
i: 65000, t: 22.482 days, Δt: 30 seconds, umax = (2.4e-01, 2.4e-01, 7.1e-04) ms⁻¹, wall time: 1.711 hours
i: 66000, t: 22.830 days, Δt: 30 seconds, umax = (2.4e-01, 2.4e-01, 8.2e-04) ms⁻¹, wall time: 1.737 hours
i: 67000, t: 23.177 days, Δt: 30 seconds, umax = (2.4e-01, 2.4e-01, 7.1e-04) ms⁻¹, wall time: 1.763 hours
i: 68000, t: 23.524 days, Δt: 30 seconds, umax = (2.4e-01, 2.4e-01, 8.9e-04) ms⁻¹, wall time: 1.789 hours
i: 69000, t: 23.871 days, Δt: 30 seconds, umax = (2.4e-01, 2.4e-01, 6.2e-04) ms⁻¹, wall time: 1.815 hours
i: 70000, t: 24.218 days, Δt: 30 seconds, umax = (2.4e-01, 2.4e-01, 7.9e-04) ms⁻¹, wall time: 1.842 hours
i: 71000, t: 24.566 days, Δt: 30 seconds, umax = (2.4e-01, 2.4e-01, 5.9e-04) ms⁻¹, wall time: 1.868 hours
i: 72000, t: 24.913 days, Δt: 30 seconds, umax = (2.4e-01, 2.4e-01, 6.3e-04) ms⁻¹, wall time: 1.894 hours
i: 73000, t: 25.260 days, Δt: 30 seconds, umax = (2.4e-01, 2.4e-01, 1.4e-03) ms⁻¹, wall time: 1.920 hours
i: 74000, t: 25.607 days, Δt: 30 seconds, umax = (2.4e-01, 2.4e-01, 7.3e-04) ms⁻¹, wall time: 1.946 hours
i: 75000, t: 25.955 days, Δt: 30 seconds, umax = (2.4e-01, 2.4e-01, 8.0e-04) ms⁻¹, wall time: 1.972 hours
i: 76000, t: 26.302 days, Δt: 30 seconds, umax = (2.4e-01, 2.4e-01, 7.9e-04) ms⁻¹, wall time: 1.999 hours
i: 77000, t: 26.649 days, Δt: 30 seconds, umax = (2.4e-01, 2.5e-01, 1.0e-03) ms⁻¹, wall time: 2.025 hours
i: 78000, t: 26.996 days, Δt: 30 seconds, umax = (2.4e-01, 2.5e-01, 8.0e-04) ms⁻¹, wall time: 2.051 hours
i: 79000, t: 27.343 days, Δt: 30 seconds, umax = (2.4e-01, 2.5e-01, 9.2e-04) ms⁻¹, wall time: 2.077 hours
i: 80000, t: 27.691 days, Δt: 30 seconds, umax = (2.4e-01, 2.5e-01, 7.0e-04) ms⁻¹, wall time: 2.103 hours
i: 81000, t: 28.038 days, Δt: 30 seconds, umax = (2.4e-01, 2.4e-01, 9.3e-04) ms⁻¹, wall time: 2.130 hours
i: 82000, t: 28.385 days, Δt: 30 seconds, umax = (2.4e-01, 2.4e-01, 7.1e-04) ms⁻¹, wall time: 2.156 hours
i: 83000, t: 28.732 days, Δt: 30 seconds, umax = (2.4e-01, 2.4e-01, 6.8e-04) ms⁻¹, wall time: 2.182 hours
i: 84000, t: 29.080 days, Δt: 30 seconds, umax = (2.5e-01, 2.4e-01, 7.2e-04) ms⁻¹, wall time: 2.209 hours
i: 85000, t: 29.427 days, Δt: 30 seconds, umax = (2.5e-01, 2.4e-01, 1.1e-03) ms⁻¹, wall time: 2.236 hours
i: 86000, t: 29.774 days, Δt: 30 seconds, umax = (2.4e-01, 2.4e-01, 6.8e-04) ms⁻¹, wall time: 2.262 hours
i: 87000, t: 30.121 days, Δt: 30 seconds, umax = (2.4e-01, 2.4e-01, 6.2e-04) ms⁻¹, wall time: 2.290 hours
i: 88000, t: 30.468 days, Δt: 30 seconds, umax = (2.4e-01, 2.4e-01, 6.1e-04) ms⁻¹, wall time: 2.316 hours
i: 89000, t: 30.816 days, Δt: 30 seconds, umax = (2.4e-01, 2.4e-01, 9.5e-04) ms⁻¹, wall time: 2.342 hours
i: 90000, t: 31.163 days, Δt: 30 seconds, umax = (2.4e-01, 2.4e-01, 6.8e-04) ms⁻¹, wall time: 2.369 hours
i: 91000, t: 31.510 days, Δt: 30 seconds, umax = (2.4e-01, 2.4e-01, 6.0e-04) ms⁻¹, wall time: 2.395 hours
i: 92000, t: 31.857 days, Δt: 30 seconds, umax = (2.4e-01, 2.4e-01, 7.5e-04) ms⁻¹, wall time: 2.420 hours
i: 93000, t: 32.205 days, Δt: 30 seconds, umax = (2.4e-01, 2.4e-01, 6.3e-04) ms⁻¹, wall time: 2.447 hours
i: 94000, t: 32.552 days, Δt: 30 seconds, umax = (2.4e-01, 2.4e-01, 8.0e-04) ms⁻¹, wall time: 2.473 hours
i: 95000, t: 32.899 days, Δt: 30 seconds, umax = (2.4e-01, 2.4e-01, 9.6e-04) ms⁻¹, wall time: 2.499 hours
i: 96000, t: 33.246 days, Δt: 30 seconds, umax = (2.4e-01, 2.4e-01, 8.3e-04) ms⁻¹, wall time: 2.525 hours
i: 97000, t: 33.593 days, Δt: 30 seconds, umax = (2.4e-01, 2.4e-01, 9.1e-04) ms⁻¹, wall time: 2.551 hours
i: 98000, t: 33.941 days, Δt: 30 seconds, umax = (2.4e-01, 2.4e-01, 1.1e-03) ms⁻¹, wall time: 2.577 hours
i: 99000, t: 34.288 days, Δt: 30 seconds, umax = (2.4e-01, 2.4e-01, 1.1e-03) ms⁻¹, wall time: 2.604 hours
i: 100000, t: 34.635 days, Δt: 30 seconds, umax = (2.4e-01, 2.4e-01, 1.0e-03) ms⁻¹, wall time: 2.630 hours
i: 101000, t: 34.982 days, Δt: 30 seconds, umax = (2.4e-01, 2.4e-01, 8.8e-04) ms⁻¹, wall time: 2.656 hours
i: 102000, t: 35.330 days, Δt: 30 seconds, umax = (2.4e-01, 2.4e-01, 7.0e-04) ms⁻¹, wall time: 2.682 hours
i: 103000, t: 35.677 days, Δt: 30 seconds, umax = (2.4e-01, 2.4e-01, 7.9e-04) ms⁻¹, wall time: 2.708 hours
i: 104000, t: 36.024 days, Δt: 30 seconds, umax = (2.4e-01, 2.4e-01, 6.1e-04) ms⁻¹, wall time: 2.735 hours
i: 105000, t: 36.371 days, Δt: 30 seconds, umax = (2.4e-01, 2.4e-01, 7.4e-04) ms⁻¹, wall time: 2.762 hours
i: 106000, t: 36.718 days, Δt: 30 seconds, umax = (2.4e-01, 2.4e-01, 9.2e-04) ms⁻¹, wall time: 2.788 hours
i: 107000, t: 37.066 days, Δt: 30 seconds, umax = (2.4e-01, 2.4e-01, 5.8e-04) ms⁻¹, wall time: 2.816 hours
i: 108000, t: 37.413 days, Δt: 30 seconds, umax = (2.4e-01, 2.4e-01, 6.9e-04) ms⁻¹, wall time: 2.842 hours
i: 109000, t: 37.760 days, Δt: 30 seconds, umax = (2.4e-01, 2.4e-01, 1.2e-03) ms⁻¹, wall time: 2.868 hours
i: 110000, t: 38.107 days, Δt: 30 seconds, umax = (2.4e-01, 2.4e-01, 9.3e-04) ms⁻¹, wall time: 2.895 hours
i: 111000, t: 38.455 days, Δt: 30 seconds, umax = (2.4e-01, 2.4e-01, 7.7e-04) ms⁻¹, wall time: 2.922 hours
i: 112000, t: 38.802 days, Δt: 30 seconds, umax = (2.4e-01, 2.5e-01, 1.2e-03) ms⁻¹, wall time: 2.948 hours
i: 113000, t: 39.149 days, Δt: 30 seconds, umax = (2.4e-01, 2.4e-01, 8.3e-04) ms⁻¹, wall time: 2.975 hours
i: 114000, t: 39.496 days, Δt: 30 seconds, umax = (2.4e-01, 2.4e-01, 8.1e-04) ms⁻¹, wall time: 3.002 hours
i: 115000, t: 39.843 days, Δt: 30 seconds, umax = (2.4e-01, 2.4e-01, 1.1e-03) ms⁻¹, wall time: 3.028 hours
i: 116000, t: 40.191 days, Δt: 30 seconds, umax = (2.4e-01, 2.4e-01, 8.0e-04) ms⁻¹, wall time: 3.055 hours
i: 117000, t: 40.538 days, Δt: 30 seconds, umax = (2.4e-01, 2.3e-01, 1.2e-03) ms⁻¹, wall time: 3.081 hours
i: 118000, t: 40.885 days, Δt: 30 seconds, umax = (2.4e-01, 2.3e-01, 7.8e-04) ms⁻¹, wall time: 3.107 hours
i: 119000, t: 41.232 days, Δt: 30 seconds, umax = (2.4e-01, 2.4e-01, 1.2e-03) ms⁻¹, wall time: 3.134 hours
i: 120000, t: 41.580 days, Δt: 30 seconds, umax = (2.4e-01, 2.4e-01, 9.3e-04) ms⁻¹, wall time: 3.160 hours
i: 121000, t: 41.927 days, Δt: 30 seconds, umax = (2.4e-01, 2.4e-01, 1.1e-03) ms⁻¹, wall time: 3.186 hours
i: 122000, t: 42.274 days, Δt: 30 seconds, umax = (2.3e-01, 2.4e-01, 7.1e-04) ms⁻¹, wall time: 3.214 hours
i: 123000, t: 42.621 days, Δt: 30 seconds, umax = (2.3e-01, 2.5e-01, 7.4e-04) ms⁻¹, wall time: 3.240 hours
i: 124000, t: 42.968 days, Δt: 30 seconds, umax = (2.4e-01, 2.5e-01, 8.4e-04) ms⁻¹, wall time: 3.266 hours
i: 125000, t: 43.316 days, Δt: 30 seconds, umax = (2.4e-01, 2.5e-01, 7.6e-04) ms⁻¹, wall time: 3.295 hours
i: 126000, t: 43.663 days, Δt: 30 seconds, umax = (2.4e-01, 2.5e-01, 7.0e-04) ms⁻¹, wall time: 3.321 hours
i: 127000, t: 44.010 days, Δt: 30 seconds, umax = (2.4e-01, 2.4e-01, 8.0e-04) ms⁻¹, wall time: 3.348 hours
i: 128000, t: 44.357 days, Δt: 30 seconds, umax = (2.5e-01, 2.4e-01, 8.1e-04) ms⁻¹, wall time: 3.374 hours
i: 129000, t: 44.705 days, Δt: 30 seconds, umax = (2.5e-01, 2.4e-01, 8.1e-04) ms⁻¹, wall time: 3.400 hours
i: 130000, t: 45.052 days, Δt: 30 seconds, umax = (2.5e-01, 2.4e-01, 9.6e-04) ms⁻¹, wall time: 3.428 hours
i: 131000, t: 45.399 days, Δt: 30 seconds, umax = (2.5e-01, 2.4e-01, 1.0e-03) ms⁻¹, wall time: 3.454 hours
i: 132000, t: 45.746 days, Δt: 30 seconds, umax = (2.4e-01, 2.4e-01, 1.0e-03) ms⁻¹, wall time: 3.480 hours
i: 133000, t: 46.093 days, Δt: 30 seconds, umax = (2.4e-01, 2.4e-01, 8.3e-04) ms⁻¹, wall time: 3.508 hours
i: 134000, t: 46.441 days, Δt: 30 seconds, umax = (2.4e-01, 2.4e-01, 9.2e-04) ms⁻¹, wall time: 3.534 hours
i: 135000, t: 46.788 days, Δt: 30 seconds, umax = (2.4e-01, 2.4e-01, 1.4e-03) ms⁻¹, wall time: 3.560 hours
i: 136000, t: 47.135 days, Δt: 30 seconds, umax = (2.4e-01, 2.4e-01, 1.1e-03) ms⁻¹, wall time: 3.587 hours
i: 137000, t: 47.482 days, Δt: 30 seconds, umax = (2.4e-01, 2.4e-01, 1.1e-03) ms⁻¹, wall time: 3.613 hours
i: 138000, t: 47.830 days, Δt: 30 seconds, umax = (2.4e-01, 2.4e-01, 7.5e-04) ms⁻¹, wall time: 3.639 hours
i: 139000, t: 48.177 days, Δt: 30 seconds, umax = (2.4e-01, 2.4e-01, 9.0e-04) ms⁻¹, wall time: 3.666 hours
i: 140000, t: 48.524 days, Δt: 30 seconds, umax = (2.4e-01, 2.4e-01, 1.4e-03) ms⁻¹, wall time: 3.692 hours
i: 141000, t: 48.871 days, Δt: 30 seconds, umax = (2.4e-01, 2.4e-01, 1.1e-03) ms⁻¹, wall time: 3.718 hours
i: 142000, t: 49.218 days, Δt: 30 seconds, umax = (2.4e-01, 2.4e-01, 7.1e-04) ms⁻¹, wall time: 3.746 hours
i: 143000, t: 49.566 days, Δt: 30 seconds, umax = (2.4e-01, 2.4e-01, 7.0e-04) ms⁻¹, wall time: 3.772 hours
i: 144000, t: 49.913 days, Δt: 30 seconds, umax = (2.4e-01, 2.4e-01, 1.0e-03) ms⁻¹, wall time: 3.798 hours
i: 145000, t: 50.260 days, Δt: 30 seconds, umax = (2.4e-01, 2.5e-01, 7.3e-04) ms⁻¹, wall time: 3.825 hours
i: 146000, t: 50.607 days, Δt: 30 seconds, umax = (2.4e-01, 2.4e-01, 7.0e-04) ms⁻¹, wall time: 3.851 hours
i: 147000, t: 50.955 days, Δt: 30 seconds, umax = (2.4e-01, 2.4e-01, 6.2e-04) ms⁻¹, wall time: 3.877 hours
i: 148000, t: 51.302 days, Δt: 30 seconds, umax = (2.4e-01, 2.4e-01, 7.1e-04) ms⁻¹, wall time: 3.905 hours
i: 149000, t: 51.649 days, Δt: 30 seconds, umax = (2.4e-01, 2.4e-01, 8.8e-04) ms⁻¹, wall time: 3.931 hours
i: 150000, t: 51.996 days, Δt: 30 seconds, umax = (2.4e-01, 2.4e-01, 8.0e-04) ms⁻¹, wall time: 3.957 hours
i: 151000, t: 52.343 days, Δt: 30 seconds, umax = (2.4e-01, 2.4e-01, 9.0e-04) ms⁻¹, wall time: 3.984 hours
i: 152000, t: 52.691 days, Δt: 30 seconds, umax = (2.4e-01, 2.4e-01, 1.0e-03) ms⁻¹, wall time: 4.010 hours
i: 153000, t: 53.038 days, Δt: 30 seconds, umax = (2.4e-01, 2.3e-01, 9.9e-04) ms⁻¹, wall time: 4.037 hours
i: 154000, t: 53.385 days, Δt: 30 seconds, umax = (2.4e-01, 2.4e-01, 1.2e-03) ms⁻¹, wall time: 4.063 hours
i: 155000, t: 53.732 days, Δt: 30 seconds, umax = (2.4e-01, 2.4e-01, 1.1e-03) ms⁻¹, wall time: 4.090 hours
i: 156000, t: 54.080 days, Δt: 30 seconds, umax = (2.4e-01, 2.4e-01, 8.3e-04) ms⁻¹, wall time: 4.116 hours
i: 157000, t: 54.427 days, Δt: 30 seconds, umax = (2.4e-01, 2.4e-01, 8.6e-04) ms⁻¹, wall time: 4.143 hours
i: 158000, t: 54.774 days, Δt: 30 seconds, umax = (2.4e-01, 2.4e-01, 1.0e-03) ms⁻¹, wall time: 4.169 hours
i: 159000, t: 55.121 days, Δt: 30 seconds, umax = (2.3e-01, 2.5e-01, 1.0e-03) ms⁻¹, wall time: 4.196 hours
i: 160000, t: 55.468 days, Δt: 30 seconds, umax = (2.3e-01, 2.5e-01, 7.6e-04) ms⁻¹, wall time: 4.222 hours
i: 161000, t: 55.816 days, Δt: 30 seconds, umax = (2.3e-01, 2.5e-01, 9.9e-04) ms⁻¹, wall time: 4.248 hours
i: 162000, t: 56.163 days, Δt: 30 seconds, umax = (2.3e-01, 2.5e-01, 1.0e-03) ms⁻¹, wall time: 4.276 hours
i: 163000, t: 56.510 days, Δt: 30 seconds, umax = (2.4e-01, 2.5e-01, 1.1e-03) ms⁻¹, wall time: 4.302 hours
i: 164000, t: 56.857 days, Δt: 30 seconds, umax = (2.4e-01, 2.5e-01, 9.9e-04) ms⁻¹, wall time: 4.328 hours
i: 165000, t: 57.205 days, Δt: 30 seconds, umax = (2.4e-01, 2.5e-01, 1.3e-03) ms⁻¹, wall time: 4.356 hours
i: 166000, t: 57.552 days, Δt: 30 seconds, umax = (2.4e-01, 2.5e-01, 1.4e-03) ms⁻¹, wall time: 4.382 hours
i: 167000, t: 57.899 days, Δt: 30 seconds, umax = (2.4e-01, 2.5e-01, 1.4e-03) ms⁻¹, wall time: 4.408 hours
i: 168000, t: 58.246 days, Δt: 30 seconds, umax = (2.4e-01, 2.4e-01, 1.0e-03) ms⁻¹, wall time: 4.435 hours
i: 169000, t: 58.593 days, Δt: 30 seconds, umax = (2.4e-01, 2.4e-01, 1.3e-03) ms⁻¹, wall time: 4.461 hours
i: 170000, t: 58.941 days, Δt: 30 seconds, umax = (2.4e-01, 2.4e-01, 7.8e-04) ms⁻¹, wall time: 4.487 hours
i: 171000, t: 59.288 days, Δt: 30 seconds, umax = (2.5e-01, 2.4e-01, 1.3e-03) ms⁻¹, wall time: 4.515 hours
i: 172000, t: 59.635 days, Δt: 30 seconds, umax = (2.5e-01, 2.4e-01, 8.4e-04) ms⁻¹, wall time: 4.541 hours
i: 173000, t: 59.982 days, Δt: 30 seconds, umax = (2.4e-01, 2.4e-01, 1.2e-03) ms⁻¹, wall time: 4.567 hours
i: 174000, t: 60.330 days, Δt: 30 seconds, umax = (2.4e-01, 2.4e-01, 1.0e-03) ms⁻¹, wall time: 4.596 hours
i: 175000, t: 60.677 days, Δt: 30 seconds, umax = (2.4e-01, 2.4e-01, 9.7e-04) ms⁻¹, wall time: 4.623 hours
i: 176000, t: 61.024 days, Δt: 30 seconds, umax = (2.4e-01, 2.4e-01, 9.2e-04) ms⁻¹, wall time: 4.650 hours
i: 177000, t: 61.371 days, Δt: 30 seconds, umax = (2.5e-01, 2.4e-01, 7.4e-04) ms⁻¹, wall time: 4.676 hours
i: 178000, t: 61.718 days, Δt: 30 seconds, umax = (2.5e-01, 2.4e-01, 8.9e-04) ms⁻¹, wall time: 4.702 hours
i: 179000, t: 62.066 days, Δt: 30 seconds, umax = (2.5e-01, 2.4e-01, 1.0e-03) ms⁻¹, wall time: 4.729 hours
i: 180000, t: 62.413 days, Δt: 30 seconds, umax = (2.5e-01, 2.4e-01, 7.5e-04) ms⁻¹, wall time: 4.756 hours
i: 181000, t: 62.760 days, Δt: 30 seconds, umax = (2.5e-01, 2.4e-01, 8.9e-04) ms⁻¹, wall time: 4.782 hours
i: 182000, t: 63.107 days, Δt: 30 seconds, umax = (2.5e-01, 2.4e-01, 8.0e-04) ms⁻¹, wall time: 4.810 hours
i: 183000, t: 63.455 days, Δt: 30 seconds, umax = (2.5e-01, 2.4e-01, 1.1e-03) ms⁻¹, wall time: 4.836 hours
i: 184000, t: 63.802 days, Δt: 30 seconds, umax = (2.5e-01, 2.4e-01, 1.0e-03) ms⁻¹, wall time: 4.862 hours
i: 185000, t: 64.149 days, Δt: 30 seconds, umax = (2.5e-01, 2.4e-01, 1.3e-03) ms⁻¹, wall time: 4.889 hours
i: 186000, t: 64.496 days, Δt: 30 seconds, umax = (2.4e-01, 2.4e-01, 1.0e-03) ms⁻¹, wall time: 4.916 hours
i: 187000, t: 64.843 days, Δt: 30 seconds, umax = (2.4e-01, 2.4e-01, 9.5e-04) ms⁻¹, wall time: 4.942 hours
i: 188000, t: 65.191 days, Δt: 30 seconds, umax = (2.4e-01, 2.4e-01, 1.2e-03) ms⁻¹, wall time: 4.969 hours
i: 189000, t: 65.538 days, Δt: 30 seconds, umax = (2.4e-01, 2.4e-01, 1.2e-03) ms⁻¹, wall time: 4.995 hours
i: 190000, t: 65.885 days, Δt: 30 seconds, umax = (2.4e-01, 2.4e-01, 6.9e-04) ms⁻¹, wall time: 5.022 hours
i: 191000, t: 66.232 days, Δt: 30 seconds, umax = (2.4e-01, 2.4e-01, 7.9e-04) ms⁻¹, wall time: 5.049 hours
i: 192000, t: 66.580 days, Δt: 30 seconds, umax = (2.4e-01, 2.4e-01, 7.6e-04) ms⁻¹, wall time: 5.075 hours
i: 193000, t: 66.927 days, Δt: 30 seconds, umax = (2.4e-01, 2.4e-01, 9.6e-04) ms⁻¹, wall time: 5.102 hours
i: 194000, t: 67.274 days, Δt: 30 seconds, umax = (2.4e-01, 2.5e-01, 1.2e-03) ms⁻¹, wall time: 5.129 hours
i: 195000, t: 67.621 days, Δt: 30 seconds, umax = (2.4e-01, 2.5e-01, 8.4e-04) ms⁻¹, wall time: 5.155 hours
i: 196000, t: 67.968 days, Δt: 30 seconds, umax = (2.4e-01, 2.4e-01, 1.0e-03) ms⁻¹, wall time: 5.182 hours
i: 197000, t: 68.316 days, Δt: 30 seconds, umax = (2.4e-01, 2.4e-01, 1.0e-03) ms⁻¹, wall time: 5.209 hours
i: 198000, t: 68.663 days, Δt: 30 seconds, umax = (2.4e-01, 2.4e-01, 1.1e-03) ms⁻¹, wall time: 5.235 hours
i: 199000, t: 69.010 days, Δt: 30 seconds, umax = (2.5e-01, 2.4e-01, 1.3e-03) ms⁻¹, wall time: 5.263 hours
i: 200000, t: 69.357 days, Δt: 30 seconds, umax = (2.5e-01, 2.5e-01, 1.3e-03) ms⁻¹, wall time: 5.289 hours
i: 201000, t: 69.705 days, Δt: 30 seconds, umax = (2.5e-01, 2.4e-01, 8.3e-04) ms⁻¹, wall time: 5.315 hours
i: 202000, t: 70.052 days, Δt: 30 seconds, umax = (2.5e-01, 2.4e-01, 1.2e-03) ms⁻¹, wall time: 5.343 hours
i: 203000, t: 70.399 days, Δt: 30 seconds, umax = (2.5e-01, 2.4e-01, 1.4e-03) ms⁻¹, wall time: 5.369 hours
i: 204000, t: 70.746 days, Δt: 30 seconds, umax = (2.5e-01, 2.4e-01, 8.9e-04) ms⁻¹, wall time: 5.396 hours
i: 205000, t: 71.093 days, Δt: 30 seconds, umax = (2.5e-01, 2.4e-01, 1.1e-03) ms⁻¹, wall time: 5.423 hours
i: 206000, t: 71.441 days, Δt: 30 seconds, umax = (2.5e-01, 2.5e-01, 9.8e-04) ms⁻¹, wall time: 5.449 hours
i: 207000, t: 71.788 days, Δt: 30 seconds, umax = (2.5e-01, 2.5e-01, 1.1e-03) ms⁻¹, wall time: 5.476 hours
i: 208000, t: 72.135 days, Δt: 30 seconds, umax = (2.5e-01, 2.5e-01, 1.1e-03) ms⁻¹, wall time: 5.503 hours
i: 209000, t: 72.482 days, Δt: 30 seconds, umax = (2.5e-01, 2.5e-01, 1.0e-03) ms⁻¹, wall time: 5.529 hours
i: 210000, t: 72.830 days, Δt: 30 seconds, umax = (2.5e-01, 2.5e-01, 8.8e-04) ms⁻¹, wall time: 5.556 hours
i: 211000, t: 73.177 days, Δt: 30 seconds, umax = (2.4e-01, 2.4e-01, 9.9e-04) ms⁻¹, wall time: 5.583 hours
i: 212000, t: 73.524 days, Δt: 30 seconds, umax = (2.5e-01, 2.5e-01, 9.0e-04) ms⁻¹, wall time: 5.609 hours
i: 213000, t: 73.871 days, Δt: 30 seconds, umax = (2.4e-01, 2.5e-01, 9.8e-04) ms⁻¹, wall time: 5.636 hours
i: 214000, t: 74.218 days, Δt: 30 seconds, umax = (2.4e-01, 2.4e-01, 1.0e-03) ms⁻¹, wall time: 5.663 hours
i: 215000, t: 74.566 days, Δt: 30 seconds, umax = (2.4e-01, 2.5e-01, 9.4e-04) ms⁻¹, wall time: 5.690 hours
i: 216000, t: 74.913 days, Δt: 30 seconds, umax = (2.4e-01, 2.5e-01, 1.0e-03) ms⁻¹, wall time: 5.716 hours
i: 217000, t: 75.260 days, Δt: 30 seconds, umax = (2.4e-01, 2.4e-01, 1.2e-03) ms⁻¹, wall time: 5.743 hours
i: 218000, t: 75.607 days, Δt: 30 seconds, umax = (2.3e-01, 2.5e-01, 1.0e-03) ms⁻¹, wall time: 5.770 hours
i: 219000, t: 75.955 days, Δt: 30 seconds, umax = (2.3e-01, 2.5e-01, 1.2e-03) ms⁻¹, wall time: 5.796 hours
i: 220000, t: 76.302 days, Δt: 30 seconds, umax = (2.3e-01, 2.4e-01, 1.1e-03) ms⁻¹, wall time: 5.824 hours
i: 221000, t: 76.649 days, Δt: 30 seconds, umax = (2.3e-01, 2.4e-01, 1.1e-03) ms⁻¹, wall time: 5.850 hours
i: 222000, t: 76.996 days, Δt: 30 seconds, umax = (2.4e-01, 2.4e-01, 1.1e-03) ms⁻¹, wall time: 5.877 hours
i: 223000, t: 77.343 days, Δt: 30 seconds, umax = (2.4e-01, 2.4e-01, 1.3e-03) ms⁻¹, wall time: 5.904 hours
i: 224000, t: 77.691 days, Δt: 30 seconds, umax = (2.4e-01, 2.4e-01, 1.6e-03) ms⁻¹, wall time: 5.931 hours
i: 225000, t: 78.038 days, Δt: 30 seconds, umax = (2.4e-01, 2.5e-01, 9.8e-04) ms⁻¹, wall time: 5.958 hours
i: 226000, t: 78.385 days, Δt: 30 seconds, umax = (2.4e-01, 2.4e-01, 1.1e-03) ms⁻¹, wall time: 5.985 hours
i: 227000, t: 78.732 days, Δt: 30 seconds, umax = (2.4e-01, 2.4e-01, 1.1e-03) ms⁻¹, wall time: 6.011 hours
i: 228000, t: 79.080 days, Δt: 30 seconds, umax = (2.4e-01, 2.4e-01, 1.5e-03) ms⁻¹, wall time: 6.039 hours
i: 229000, t: 79.427 days, Δt: 30 seconds, umax = (2.5e-01, 2.4e-01, 1.1e-03) ms⁻¹, wall time: 6.065 hours
i: 230000, t: 79.774 days, Δt: 30 seconds, umax = (2.5e-01, 2.4e-01, 1.3e-03) ms⁻¹, wall time: 6.092 hours
i: 231000, t: 80.121 days, Δt: 30 seconds, umax = (2.5e-01, 2.5e-01, 1.2e-03) ms⁻¹, wall time: 6.120 hours
i: 232000, t: 80.468 days, Δt: 30 seconds, umax = (2.5e-01, 2.5e-01, 1.0e-03) ms⁻¹, wall time: 6.146 hours
i: 233000, t: 80.816 days, Δt: 30 seconds, umax = (2.4e-01, 2.5e-01, 1.3e-03) ms⁻¹, wall time: 6.173 hours
i: 234000, t: 81.163 days, Δt: 30 seconds, umax = (2.4e-01, 2.5e-01, 1.4e-03) ms⁻¹, wall time: 6.201 hours
i: 235000, t: 81.510 days, Δt: 30 seconds, umax = (2.4e-01, 2.5e-01, 1.4e-03) ms⁻¹, wall time: 6.227 hours
i: 236000, t: 81.857 days, Δt: 30 seconds, umax = (2.4e-01, 2.5e-01, 1.9e-03) ms⁻¹, wall time: 6.254 hours
i: 237000, t: 82.205 days, Δt: 30 seconds, umax = (2.4e-01, 2.5e-01, 1.2e-03) ms⁻¹, wall time: 6.282 hours
i: 238000, t: 82.552 days, Δt: 30 seconds, umax = (2.4e-01, 2.5e-01, 1.1e-03) ms⁻¹, wall time: 6.308 hours
i: 239000, t: 82.899 days, Δt: 30 seconds, umax = (2.4e-01, 2.4e-01, 1.1e-03) ms⁻¹, wall time: 6.335 hours
i: 240000, t: 83.246 days, Δt: 30 seconds, umax = (2.5e-01, 2.4e-01, 1.7e-03) ms⁻¹, wall time: 6.362 hours
i: 241000, t: 83.593 days, Δt: 30 seconds, umax = (2.5e-01, 2.4e-01, 1.1e-03) ms⁻¹, wall time: 6.389 hours
i: 242000, t: 83.941 days, Δt: 30 seconds, umax = (2.5e-01, 2.4e-01, 1.5e-03) ms⁻¹, wall time: 6.416 hours
i: 243000, t: 84.288 days, Δt: 30 seconds, umax = (2.5e-01, 2.5e-01, 1.2e-03) ms⁻¹, wall time: 6.443 hours
i: 244000, t: 84.635 days, Δt: 30 seconds, umax = (2.5e-01, 2.5e-01, 1.3e-03) ms⁻¹, wall time: 6.470 hours
i: 245000, t: 84.982 days, Δt: 30 seconds, umax = (2.5e-01, 2.5e-01, 9.0e-04) ms⁻¹, wall time: 6.496 hours
i: 246000, t: 85.330 days, Δt: 30 seconds, umax = (2.5e-01, 2.5e-01, 1.1e-03) ms⁻¹, wall time: 6.524 hours
i: 247000, t: 85.677 days, Δt: 30 seconds, umax = (2.5e-01, 2.5e-01, 9.7e-04) ms⁻¹, wall time: 6.551 hours
i: 248000, t: 86.024 days, Δt: 30 seconds, umax = (2.5e-01, 2.5e-01, 8.3e-04) ms⁻¹, wall time: 6.578 hours
i: 249000, t: 86.371 days, Δt: 30 seconds, umax = (2.5e-01, 2.5e-01, 9.8e-04) ms⁻¹, wall time: 6.605 hours
i: 250000, t: 86.718 days, Δt: 30 seconds, umax = (2.5e-01, 2.5e-01, 9.8e-04) ms⁻¹, wall time: 6.632 hours
i: 251000, t: 87.066 days, Δt: 30 seconds, umax = (2.5e-01, 2.5e-01, 1.1e-03) ms⁻¹, wall time: 6.660 hours
i: 252000, t: 87.413 days, Δt: 30 seconds, umax = (2.5e-01, 2.5e-01, 9.1e-04) ms⁻¹, wall time: 6.687 hours
i: 253000, t: 87.760 days, Δt: 30 seconds, umax = (2.5e-01, 2.5e-01, 1.3e-03) ms⁻¹, wall time: 6.713 hours
i: 254000, t: 88.107 days, Δt: 30 seconds, umax = (2.5e-01, 2.5e-01, 9.5e-04) ms⁻¹, wall time: 6.741 hours
i: 255000, t: 88.455 days, Δt: 30 seconds, umax = (2.5e-01, 2.4e-01, 1.1e-03) ms⁻¹, wall time: 6.768 hours
i: 256000, t: 88.802 days, Δt: 30 seconds, umax = (2.5e-01, 2.4e-01, 9.0e-04) ms⁻¹, wall time: 6.794 hours
i: 257000, t: 89.149 days, Δt: 30 seconds, umax = (2.4e-01, 2.4e-01, 9.7e-04) ms⁻¹, wall time: 6.822 hours
i: 258000, t: 89.496 days, Δt: 30 seconds, umax = (2.4e-01, 2.4e-01, 9.4e-04) ms⁻¹, wall time: 6.849 hours
i: 259000, t: 89.843 days, Δt: 30 seconds, umax = (2.5e-01, 2.4e-01, 1.2e-03) ms⁻¹, wall time: 6.875 hours
i: 260000, t: 90.191 days, Δt: 30 seconds, umax = (2.5e-01, 2.4e-01, 1.2e-03) ms⁻¹, wall time: 6.905 hours
i: 261000, t: 90.538 days, Δt: 30 seconds, umax = (2.5e-01, 2.4e-01, 1.0e-03) ms⁻¹, wall time: 6.932 hours
i: 262000, t: 90.885 days, Δt: 30 seconds, umax = (2.5e-01, 2.4e-01, 1.0e-03) ms⁻¹, wall time: 6.959 hours
