stretching 40.0
type_eddy 1.0
dy 500.0
H_eddy 300.0
V0_eddy 0.5
ngrid_y 400.0
Lx 200000.0
Lz 4000.0
dx 500.0
ngrid_z 100.0
R_eddy 10000.0
power_shape 20.0
refinement 4.0
Ly 200000.0
ngrid_x 400.0
i: 0000, t: 0 seconds, Δt: 1.100 seconds, umax = (5.2e-01, 5.2e-01, 9.2e-03) ms⁻¹, wall time: 0 seconds
i: 1000, t: 6.245 hours, Δt: 30 seconds, umax = (5.0e-01, 5.1e-01, 6.7e-03) ms⁻¹, wall time: 3.911 minutes
i: 2000, t: 14.578 hours, Δt: 30 seconds, umax = (4.9e-01, 4.9e-01, 6.0e-03) ms⁻¹, wall time: 6.296 minutes
i: 3000, t: 22.911 hours, Δt: 30 seconds, umax = (4.9e-01, 4.9e-01, 4.6e-03) ms⁻¹, wall time: 8.619 minutes
i: 4000, t: 1.302 days, Δt: 30 seconds, umax = (4.9e-01, 5.0e-01, 6.4e-03) ms⁻¹, wall time: 10.954 minutes
i: 5000, t: 1.649 days, Δt: 30 seconds, umax = (4.9e-01, 4.9e-01, 8.4e-03) ms⁻¹, wall time: 13.249 minutes
i: 6000, t: 1.996 days, Δt: 30 seconds, umax = (4.9e-01, 4.8e-01, 1.4e-02) ms⁻¹, wall time: 15.545 minutes
i: 7000, t: 2.343 days, Δt: 30 seconds, umax = (4.9e-01, 4.9e-01, 2.2e-02) ms⁻¹, wall time: 17.884 minutes
i: 8000, t: 2.691 days, Δt: 30 seconds, umax = (4.8e-01, 5.0e-01, 1.8e-02) ms⁻¹, wall time: 20.181 minutes
i: 9000, t: 3.038 days, Δt: 30 seconds, umax = (4.9e-01, 4.9e-01, 2.0e-02) ms⁻¹, wall time: 22.500 minutes
i: 10000, t: 3.385 days, Δt: 30 seconds, umax = (5.0e-01, 4.8e-01, 1.8e-02) ms⁻¹, wall time: 24.775 minutes
i: 11000, t: 3.732 days, Δt: 30 seconds, umax = (5.0e-01, 4.8e-01, 1.5e-02) ms⁻¹, wall time: 27.058 minutes
i: 12000, t: 4.080 days, Δt: 30 seconds, umax = (5.1e-01, 4.9e-01, 9.5e-03) ms⁻¹, wall time: 29.608 minutes
i: 13000, t: 4.427 days, Δt: 30 seconds, umax = (5.0e-01, 5.1e-01, 7.8e-03) ms⁻¹, wall time: 31.895 minutes
i: 14000, t: 4.774 days, Δt: 30 seconds, umax = (4.6e-01, 5.2e-01, 1.2e-02) ms⁻¹, wall time: 34.183 minutes
i: 15000, t: 5.121 days, Δt: 30 seconds, umax = (4.3e-01, 5.1e-01, 8.0e-03) ms⁻¹, wall time: 36.513 minutes
i: 16000, t: 5.468 days, Δt: 30 seconds, umax = (4.4e-01, 4.7e-01, 6.4e-03) ms⁻¹, wall time: 38.803 minutes
i: 17000, t: 5.816 days, Δt: 30 seconds, umax = (4.8e-01, 4.2e-01, 8.6e-03) ms⁻¹, wall time: 41.092 minutes
i: 18000, t: 6.163 days, Δt: 30 seconds, umax = (5.2e-01, 3.8e-01, 7.4e-03) ms⁻¹, wall time: 43.422 minutes
i: 19000, t: 6.510 days, Δt: 30 seconds, umax = (5.6e-01, 3.5e-01, 7.6e-03) ms⁻¹, wall time: 45.709 minutes
i: 20000, t: 6.857 days, Δt: 30 seconds, umax = (5.6e-01, 3.5e-01, 8.8e-03) ms⁻¹, wall time: 47.994 minutes
i: 21000, t: 7.205 days, Δt: 30 seconds, umax = (5.6e-01, 4.1e-01, 6.4e-03) ms⁻¹, wall time: 50.323 minutes
i: 22000, t: 7.552 days, Δt: 30 seconds, umax = (5.7e-01, 4.6e-01, 6.0e-03) ms⁻¹, wall time: 52.616 minutes
i: 23000, t: 7.899 days, Δt: 30 seconds, umax = (5.8e-01, 5.1e-01, 6.4e-03) ms⁻¹, wall time: 54.899 minutes
i: 24000, t: 8.246 days, Δt: 30 seconds, umax = (5.9e-01, 5.5e-01, 7.6e-03) ms⁻¹, wall time: 57.214 minutes
i: 25000, t: 8.593 days, Δt: 30 seconds, umax = (5.9e-01, 5.9e-01, 5.5e-03) ms⁻¹, wall time: 59.488 minutes
i: 26000, t: 8.941 days, Δt: 30 seconds, umax = (5.7e-01, 6.0e-01, 5.5e-03) ms⁻¹, wall time: 1.029 hours
i: 27000, t: 9.288 days, Δt: 30 seconds, umax = (5.4e-01, 6.1e-01, 6.3e-03) ms⁻¹, wall time: 1.068 hours
i: 28000, t: 9.635 days, Δt: 30 seconds, umax = (5.2e-01, 6.0e-01, 7.6e-03) ms⁻¹, wall time: 1.106 hours
i: 29000, t: 9.982 days, Δt: 30 seconds, umax = (5.0e-01, 5.9e-01, 5.9e-03) ms⁻¹, wall time: 1.143 hours
i: 30000, t: 10.330 days, Δt: 30 seconds, umax = (4.7e-01, 5.8e-01, 4.0e-03) ms⁻¹, wall time: 1.182 hours
i: 31000, t: 10.677 days, Δt: 30 seconds, umax = (4.4e-01, 5.6e-01, 4.3e-03) ms⁻¹, wall time: 1.220 hours
i: 32000, t: 11.024 days, Δt: 30 seconds, umax = (4.8e-01, 5.3e-01, 4.4e-03) ms⁻¹, wall time: 1.266 hours
i: 33000, t: 11.371 days, Δt: 30 seconds, umax = (5.1e-01, 5.0e-01, 4.2e-03) ms⁻¹, wall time: 1.304 hours
i: 34000, t: 11.718 days, Δt: 30 seconds, umax = (5.3e-01, 4.8e-01, 4.7e-03) ms⁻¹, wall time: 1.341 hours
i: 35000, t: 12.066 days, Δt: 30 seconds, umax = (5.4e-01, 5.0e-01, 3.6e-03) ms⁻¹, wall time: 1.379 hours
i: 36000, t: 12.413 days, Δt: 30 seconds, umax = (5.4e-01, 5.3e-01, 4.1e-03) ms⁻¹, wall time: 1.417 hours
i: 37000, t: 12.760 days, Δt: 30 seconds, umax = (5.3e-01, 5.3e-01, 6.3e-03) ms⁻¹, wall time: 1.454 hours
i: 38000, t: 13.107 days, Δt: 30 seconds, umax = (5.2e-01, 5.2e-01, 3.3e-03) ms⁻¹, wall time: 1.492 hours
i: 39000, t: 13.455 days, Δt: 30 seconds, umax = (5.2e-01, 4.9e-01, 5.9e-03) ms⁻¹, wall time: 1.529 hours
i: 40000, t: 13.802 days, Δt: 30 seconds, umax = (5.0e-01, 4.9e-01, 3.4e-03) ms⁻¹, wall time: 1.566 hours
i: 41000, t: 14.149 days, Δt: 30 seconds, umax = (4.9e-01, 5.0e-01, 5.1e-03) ms⁻¹, wall time: 1.604 hours
i: 42000, t: 14.496 days, Δt: 30 seconds, umax = (5.1e-01, 4.9e-01, 4.3e-03) ms⁻¹, wall time: 1.641 hours
i: 43000, t: 14.843 days, Δt: 30 seconds, umax = (5.1e-01, 4.9e-01, 5.8e-03) ms⁻¹, wall time: 1.678 hours
i: 44000, t: 15.191 days, Δt: 30 seconds, umax = (4.9e-01, 5.0e-01, 5.0e-03) ms⁻¹, wall time: 1.715 hours
i: 45000, t: 15.538 days, Δt: 30 seconds, umax = (4.8e-01, 5.2e-01, 4.5e-03) ms⁻¹, wall time: 1.752 hours
i: 46000, t: 15.885 days, Δt: 30 seconds, umax = (4.8e-01, 5.2e-01, 7.1e-03) ms⁻¹, wall time: 1.788 hours
i: 47000, t: 16.232 days, Δt: 30 seconds, umax = (5.0e-01, 5.2e-01, 6.3e-03) ms⁻¹, wall time: 1.826 hours
i: 48000, t: 16.580 days, Δt: 30 seconds, umax = (5.0e-01, 5.1e-01, 7.6e-03) ms⁻¹, wall time: 1.862 hours
i: 49000, t: 16.927 days, Δt: 30 seconds, umax = (4.9e-01, 5.0e-01, 7.1e-03) ms⁻¹, wall time: 1.899 hours
i: 50000, t: 17.274 days, Δt: 30 seconds, umax = (5.2e-01, 5.0e-01, 5.5e-03) ms⁻¹, wall time: 1.936 hours
i: 51000, t: 17.621 days, Δt: 30 seconds, umax = (5.4e-01, 5.0e-01, 7.4e-03) ms⁻¹, wall time: 1.973 hours
i: 52000, t: 17.968 days, Δt: 30 seconds, umax = (5.4e-01, 5.0e-01, 1.1e-02) ms⁻¹, wall time: 2.010 hours
i: 53000, t: 18.316 days, Δt: 30 seconds, umax = (5.5e-01, 5.3e-01, 9.6e-03) ms⁻¹, wall time: 2.047 hours
i: 54000, t: 18.663 days, Δt: 30 seconds, umax = (5.6e-01, 5.4e-01, 8.3e-03) ms⁻¹, wall time: 2.084 hours
i: 55000, t: 19.010 days, Δt: 30 seconds, umax = (5.7e-01, 5.3e-01, 1.1e-02) ms⁻¹, wall time: 2.122 hours
i: 56000, t: 19.357 days, Δt: 30 seconds, umax = (6.0e-01, 5.3e-01, 5.7e-03) ms⁻¹, wall time: 2.159 hours
i: 57000, t: 19.705 days, Δt: 30 seconds, umax = (5.7e-01, 5.7e-01, 5.4e-03) ms⁻¹, wall time: 2.195 hours
i: 58000, t: 20.052 days, Δt: 30 seconds, umax = (5.6e-01, 5.5e-01, 8.1e-03) ms⁻¹, wall time: 2.233 hours
i: 59000, t: 20.399 days, Δt: 30 seconds, umax = (5.5e-01, 5.3e-01, 5.9e-03) ms⁻¹, wall time: 2.270 hours
i: 60000, t: 20.746 days, Δt: 30 seconds, umax = (5.5e-01, 5.1e-01, 6.9e-03) ms⁻¹, wall time: 2.307 hours
i: 61000, t: 21.093 days, Δt: 30 seconds, umax = (5.4e-01, 5.1e-01, 7.1e-03) ms⁻¹, wall time: 2.344 hours
i: 62000, t: 21.441 days, Δt: 30 seconds, umax = (5.5e-01, 5.0e-01, 6.6e-03) ms⁻¹, wall time: 2.381 hours
i: 63000, t: 21.788 days, Δt: 30 seconds, umax = (5.6e-01, 5.0e-01, 6.7e-03) ms⁻¹, wall time: 2.418 hours
i: 64000, t: 22.135 days, Δt: 30 seconds, umax = (5.5e-01, 5.1e-01, 8.4e-03) ms⁻¹, wall time: 2.455 hours
i: 65000, t: 22.482 days, Δt: 30 seconds, umax = (5.4e-01, 5.4e-01, 8.3e-03) ms⁻¹, wall time: 2.492 hours
i: 66000, t: 22.830 days, Δt: 30 seconds, umax = (5.5e-01, 5.4e-01, 6.2e-03) ms⁻¹, wall time: 2.528 hours
i: 67000, t: 23.177 days, Δt: 30 seconds, umax = (5.8e-01, 5.4e-01, 6.3e-03) ms⁻¹, wall time: 2.565 hours
i: 68000, t: 23.524 days, Δt: 30 seconds, umax = (5.8e-01, 5.7e-01, 8.1e-03) ms⁻¹, wall time: 2.602 hours
i: 69000, t: 23.871 days, Δt: 30 seconds, umax = (5.6e-01, 5.9e-01, 6.2e-03) ms⁻¹, wall time: 2.638 hours
i: 70000, t: 24.218 days, Δt: 30 seconds, umax = (5.4e-01, 5.9e-01, 6.7e-03) ms⁻¹, wall time: 2.675 hours
i: 71000, t: 24.566 days, Δt: 30 seconds, umax = (5.3e-01, 5.7e-01, 8.5e-03) ms⁻¹, wall time: 2.711 hours
i: 72000, t: 24.913 days, Δt: 30 seconds, umax = (5.2e-01, 5.7e-01, 9.2e-03) ms⁻¹, wall time: 2.747 hours
i: 73000, t: 25.260 days, Δt: 30 seconds, umax = (5.2e-01, 5.8e-01, 1.1e-02) ms⁻¹, wall time: 2.784 hours
i: 74000, t: 25.607 days, Δt: 30 seconds, umax = (4.9e-01, 5.7e-01, 1.1e-02) ms⁻¹, wall time: 2.821 hours
i: 75000, t: 25.955 days, Δt: 30 seconds, umax = (4.8e-01, 5.5e-01, 1.0e-02) ms⁻¹, wall time: 2.857 hours
i: 76000, t: 26.302 days, Δt: 30 seconds, umax = (5.0e-01, 5.3e-01, 7.9e-03) ms⁻¹, wall time: 2.894 hours
i: 77000, t: 26.649 days, Δt: 30 seconds, umax = (5.4e-01, 5.1e-01, 1.0e-02) ms⁻¹, wall time: 2.930 hours
i: 78000, t: 26.996 days, Δt: 30 seconds, umax = (5.7e-01, 5.0e-01, 9.6e-03) ms⁻¹, wall time: 2.967 hours
i: 79000, t: 27.343 days, Δt: 30 seconds, umax = (5.7e-01, 5.3e-01, 1.1e-02) ms⁻¹, wall time: 3.004 hours
i: 80000, t: 27.691 days, Δt: 30 seconds, umax = (5.7e-01, 5.6e-01, 1.1e-02) ms⁻¹, wall time: 3.040 hours
i: 81000, t: 28.038 days, Δt: 30 seconds, umax = (5.5e-01, 5.8e-01, 1.1e-02) ms⁻¹, wall time: 3.077 hours
i: 82000, t: 28.385 days, Δt: 30 seconds, umax = (5.4e-01, 5.9e-01, 9.4e-03) ms⁻¹, wall time: 3.113 hours
i: 83000, t: 28.732 days, Δt: 30 seconds, umax = (5.4e-01, 5.8e-01, 9.2e-03) ms⁻¹, wall time: 3.149 hours
i: 84000, t: 29.080 days, Δt: 30 seconds, umax = (5.3e-01, 5.7e-01, 1.5e-02) ms⁻¹, wall time: 3.186 hours
i: 85000, t: 29.427 days, Δt: 30 seconds, umax = (5.1e-01, 5.9e-01, 2.0e-02) ms⁻¹, wall time: 3.223 hours
i: 86000, t: 29.774 days, Δt: 30 seconds, umax = (5.0e-01, 5.7e-01, 1.6e-02) ms⁻¹, wall time: 3.259 hours
i: 87000, t: 30.121 days, Δt: 30 seconds, umax = (4.9e-01, 5.5e-01, 1.6e-02) ms⁻¹, wall time: 3.297 hours
i: 88000, t: 30.468 days, Δt: 30 seconds, umax = (5.2e-01, 5.3e-01, 1.9e-02) ms⁻¹, wall time: 3.333 hours
i: 89000, t: 30.816 days, Δt: 30 seconds, umax = (5.7e-01, 5.0e-01, 1.3e-02) ms⁻¹, wall time: 3.369 hours
i: 90000, t: 31.163 days, Δt: 30 seconds, umax = (5.8e-01, 5.0e-01, 1.3e-02) ms⁻¹, wall time: 3.406 hours
i: 91000, t: 31.510 days, Δt: 30 seconds, umax = (5.9e-01, 5.2e-01, 1.3e-02) ms⁻¹, wall time: 3.442 hours
i: 92000, t: 31.857 days, Δt: 30 seconds, umax = (5.8e-01, 5.4e-01, 1.6e-02) ms⁻¹, wall time: 3.478 hours
i: 93000, t: 32.205 days, Δt: 30 seconds, umax = (5.7e-01, 5.5e-01, 9.6e-03) ms⁻¹, wall time: 3.515 hours
i: 94000, t: 32.552 days, Δt: 30 seconds, umax = (5.6e-01, 5.5e-01, 8.3e-03) ms⁻¹, wall time: 3.551 hours
i: 95000, t: 32.899 days, Δt: 30 seconds, umax = (5.4e-01, 5.6e-01, 7.1e-03) ms⁻¹, wall time: 3.587 hours
i: 96000, t: 33.246 days, Δt: 30 seconds, umax = (5.2e-01, 5.6e-01, 7.4e-03) ms⁻¹, wall time: 3.623 hours
i: 97000, t: 33.593 days, Δt: 30 seconds, umax = (4.9e-01, 5.5e-01, 8.5e-03) ms⁻¹, wall time: 3.660 hours
i: 98000, t: 33.941 days, Δt: 30 seconds, umax = (4.8e-01, 5.5e-01, 1.0e-02) ms⁻¹, wall time: 3.696 hours
i: 99000, t: 34.288 days, Δt: 30 seconds, umax = (4.8e-01, 5.4e-01, 9.0e-03) ms⁻¹, wall time: 3.732 hours
i: 100000, t: 34.635 days, Δt: 30 seconds, umax = (5.0e-01, 5.2e-01, 1.0e-02) ms⁻¹, wall time: 3.768 hours
i: 101000, t: 34.982 days, Δt: 30 seconds, umax = (5.2e-01, 5.0e-01, 9.4e-03) ms⁻¹, wall time: 3.805 hours
i: 102000, t: 35.330 days, Δt: 30 seconds, umax = (5.5e-01, 5.1e-01, 1.0e-02) ms⁻¹, wall time: 3.841 hours
i: 103000, t: 35.677 days, Δt: 30 seconds, umax = (5.8e-01, 5.2e-01, 1.1e-02) ms⁻¹, wall time: 3.878 hours
i: 104000, t: 36.024 days, Δt: 30 seconds, umax = (5.6e-01, 5.5e-01, 9.5e-03) ms⁻¹, wall time: 3.914 hours
i: 105000, t: 36.371 days, Δt: 30 seconds, umax = (5.5e-01, 5.9e-01, 9.4e-03) ms⁻¹, wall time: 3.951 hours
i: 106000, t: 36.718 days, Δt: 30 seconds, umax = (5.6e-01, 6.0e-01, 1.5e-02) ms⁻¹, wall time: 3.987 hours
i: 107000, t: 37.066 days, Δt: 30 seconds, umax = (5.4e-01, 5.9e-01, 1.2e-02) ms⁻¹, wall time: 4.024 hours
i: 108000, t: 37.413 days, Δt: 30 seconds, umax = (5.2e-01, 5.8e-01, 1.7e-02) ms⁻¹, wall time: 4.060 hours
i: 109000, t: 37.760 days, Δt: 30 seconds, umax = (5.1e-01, 5.6e-01, 2.1e-02) ms⁻¹, wall time: 4.097 hours
i: 110000, t: 38.107 days, Δt: 30 seconds, umax = (5.3e-01, 5.4e-01, 2.1e-02) ms⁻¹, wall time: 4.141 hours
i: 111000, t: 38.455 days, Δt: 30 seconds, umax = (5.5e-01, 5.2e-01, 2.0e-02) ms⁻¹, wall time: 4.177 hours
i: 112000, t: 38.802 days, Δt: 30 seconds, umax = (5.6e-01, 5.0e-01, 1.5e-02) ms⁻¹, wall time: 4.214 hours
i: 113000, t: 39.149 days, Δt: 30 seconds, umax = (5.9e-01, 4.7e-01, 1.3e-02) ms⁻¹, wall time: 4.251 hours
i: 114000, t: 39.496 days, Δt: 30 seconds, umax = (6.0e-01, 4.8e-01, 1.6e-02) ms⁻¹, wall time: 4.287 hours
i: 115000, t: 39.843 days, Δt: 30 seconds, umax = (5.9e-01, 5.3e-01, 1.9e-02) ms⁻¹, wall time: 4.323 hours
i: 116000, t: 40.191 days, Δt: 30 seconds, umax = (6.0e-01, 5.5e-01, 1.9e-02) ms⁻¹, wall time: 4.360 hours
i: 117000, t: 40.538 days, Δt: 30 seconds, umax = (6.0e-01, 5.7e-01, 1.9e-02) ms⁻¹, wall time: 4.396 hours
i: 118000, t: 40.885 days, Δt: 30 seconds, umax = (5.9e-01, 5.9e-01, 2.1e-02) ms⁻¹, wall time: 4.433 hours
i: 119000, t: 41.232 days, Δt: 30 seconds, umax = (5.7e-01, 5.9e-01, 1.5e-02) ms⁻¹, wall time: 4.469 hours
i: 120000, t: 41.580 days, Δt: 30 seconds, umax = (5.6e-01, 5.7e-01, 1.9e-02) ms⁻¹, wall time: 4.506 hours
i: 121000, t: 41.927 days, Δt: 30 seconds, umax = (5.5e-01, 5.6e-01, 2.0e-02) ms⁻¹, wall time: 4.542 hours
i: 122000, t: 42.274 days, Δt: 30 seconds, umax = (5.5e-01, 5.6e-01, 2.3e-02) ms⁻¹, wall time: 4.579 hours
i: 123000, t: 42.621 days, Δt: 30 seconds, umax = (5.3e-01, 5.4e-01, 2.2e-02) ms⁻¹, wall time: 4.615 hours
i: 124000, t: 42.968 days, Δt: 30 seconds, umax = (5.3e-01, 5.3e-01, 2.0e-02) ms⁻¹, wall time: 4.651 hours
i: 125000, t: 43.316 days, Δt: 30 seconds, umax = (5.4e-01, 5.3e-01, 2.0e-02) ms⁻¹, wall time: 4.688 hours
i: 126000, t: 43.663 days, Δt: 30 seconds, umax = (5.7e-01, 5.5e-01, 1.8e-02) ms⁻¹, wall time: 4.725 hours
i: 127000, t: 44.010 days, Δt: 30 seconds, umax = (5.4e-01, 5.6e-01, 1.7e-02) ms⁻¹, wall time: 4.761 hours
i: 128000, t: 44.357 days, Δt: 30 seconds, umax = (5.3e-01, 5.8e-01, 1.6e-02) ms⁻¹, wall time: 4.798 hours
i: 129000, t: 44.705 days, Δt: 30 seconds, umax = (5.5e-01, 5.5e-01, 1.7e-02) ms⁻¹, wall time: 4.834 hours
i: 130000, t: 45.052 days, Δt: 30 seconds, umax = (5.6e-01, 5.6e-01, 1.8e-02) ms⁻¹, wall time: 4.871 hours
i: 131000, t: 45.399 days, Δt: 30 seconds, umax = (5.6e-01, 5.8e-01, 2.0e-02) ms⁻¹, wall time: 4.907 hours
i: 132000, t: 45.746 days, Δt: 30 seconds, umax = (5.5e-01, 5.9e-01, 1.7e-02) ms⁻¹, wall time: 4.943 hours
i: 133000, t: 46.093 days, Δt: 30 seconds, umax = (5.5e-01, 5.7e-01, 2.0e-02) ms⁻¹, wall time: 4.980 hours
i: 134000, t: 46.441 days, Δt: 30 seconds, umax = (5.4e-01, 6.0e-01, 2.5e-02) ms⁻¹, wall time: 5.016 hours
i: 135000, t: 46.788 days, Δt: 30 seconds, umax = (5.1e-01, 6.1e-01, 2.8e-02) ms⁻¹, wall time: 5.052 hours
i: 136000, t: 47.135 days, Δt: 30 seconds, umax = (5.1e-01, 5.9e-01, 2.7e-02) ms⁻¹, wall time: 5.089 hours
i: 137000, t: 47.482 days, Δt: 30 seconds, umax = (5.3e-01, 5.6e-01, 2.5e-02) ms⁻¹, wall time: 5.125 hours
i: 138000, t: 47.830 days, Δt: 30 seconds, umax = (5.5e-01, 5.5e-01, 3.0e-02) ms⁻¹, wall time: 5.160 hours
i: 139000, t: 48.177 days, Δt: 30 seconds, umax = (5.4e-01, 5.6e-01, 3.1e-02) ms⁻¹, wall time: 5.197 hours
i: 140000, t: 48.524 days, Δt: 30 seconds, umax = (5.5e-01, 5.5e-01, 3.3e-02) ms⁻¹, wall time: 5.233 hours
i: 141000, t: 48.871 days, Δt: 30 seconds, umax = (5.8e-01, 5.4e-01, 4.0e-02) ms⁻¹, wall time: 5.269 hours
i: 142000, t: 49.218 days, Δt: 30 seconds, umax = (6.0e-01, 5.4e-01, 3.9e-02) ms⁻¹, wall time: 5.305 hours
i: 143000, t: 49.566 days, Δt: 30 seconds, umax = (5.9e-01, 5.8e-01, 2.5e-02) ms⁻¹, wall time: 5.341 hours
i: 144000, t: 49.913 days, Δt: 30 seconds, umax = (5.8e-01, 5.9e-01, 2.1e-02) ms⁻¹, wall time: 5.377 hours
i: 145000, t: 50.260 days, Δt: 30 seconds, umax = (5.8e-01, 5.8e-01, 2.9e-02) ms⁻¹, wall time: 5.413 hours
i: 146000, t: 50.607 days, Δt: 30 seconds, umax = (5.9e-01, 5.7e-01, 2.7e-02) ms⁻¹, wall time: 5.449 hours
i: 147000, t: 50.955 days, Δt: 30 seconds, umax = (5.7e-01, 5.7e-01, 3.8e-02) ms⁻¹, wall time: 5.485 hours
i: 148000, t: 51.302 days, Δt: 30 seconds, umax = (5.5e-01, 5.8e-01, 3.6e-02) ms⁻¹, wall time: 5.521 hours
i: 149000, t: 51.649 days, Δt: 30 seconds, umax = (5.4e-01, 5.6e-01, 2.8e-02) ms⁻¹, wall time: 5.557 hours
i: 150000, t: 51.996 days, Δt: 30 seconds, umax = (5.3e-01, 5.4e-01, 2.5e-02) ms⁻¹, wall time: 5.593 hours
i: 151000, t: 52.343 days, Δt: 30 seconds, umax = (5.2e-01, 5.4e-01, 2.6e-02) ms⁻¹, wall time: 5.630 hours
i: 152000, t: 52.691 days, Δt: 30 seconds, umax = (5.5e-01, 5.3e-01, 3.1e-02) ms⁻¹, wall time: 5.666 hours
i: 153000, t: 53.038 days, Δt: 30 seconds, umax = (5.7e-01, 5.1e-01, 3.2e-02) ms⁻¹, wall time: 5.702 hours
i: 154000, t: 53.385 days, Δt: 30 seconds, umax = (5.8e-01, 5.3e-01, 4.1e-02) ms⁻¹, wall time: 5.738 hours
i: 155000, t: 53.732 days, Δt: 30 seconds, umax = (5.7e-01, 5.5e-01, 4.9e-02) ms⁻¹, wall time: 5.774 hours
i: 156000, t: 54.080 days, Δt: 30 seconds, umax = (5.6e-01, 5.7e-01, 3.9e-02) ms⁻¹, wall time: 5.811 hours
i: 157000, t: 54.427 days, Δt: 30 seconds, umax = (5.4e-01, 5.8e-01, 4.3e-02) ms⁻¹, wall time: 5.847 hours
i: 158000, t: 54.774 days, Δt: 30 seconds, umax = (5.4e-01, 5.7e-01, 6.1e-02) ms⁻¹, wall time: 5.883 hours
i: 159000, t: 55.121 days, Δt: 30 seconds, umax = (5.2e-01, 5.9e-01, 4.2e-02) ms⁻¹, wall time: 5.920 hours
i: 160000, t: 55.468 days, Δt: 30 seconds, umax = (5.1e-01, 6.0e-01, 4.2e-02) ms⁻¹, wall time: 5.956 hours
i: 161000, t: 55.816 days, Δt: 30 seconds, umax = (5.2e-01, 5.8e-01, 4.1e-02) ms⁻¹, wall time: 5.993 hours
i: 162000, t: 56.163 days, Δt: 30 seconds, umax = (5.3e-01, 5.6e-01, 5.5e-02) ms⁻¹, wall time: 6.029 hours
i: 163000, t: 56.510 days, Δt: 30 seconds, umax = (5.4e-01, 5.7e-01, 3.9e-02) ms⁻¹, wall time: 6.066 hours
i: 164000, t: 56.857 days, Δt: 30 seconds, umax = (5.7e-01, 5.5e-01, 6.3e-02) ms⁻¹, wall time: 6.102 hours
i: 165000, t: 57.205 days, Δt: 30 seconds, umax = (5.6e-01, 5.4e-01, 4.1e-02) ms⁻¹, wall time: 6.139 hours
i: 166000, t: 57.552 days, Δt: 30 seconds, umax = (5.7e-01, 5.4e-01, 5.1e-02) ms⁻¹, wall time: 6.175 hours
i: 167000, t: 57.899 days, Δt: 30 seconds, umax = (5.8e-01, 5.4e-01, 5.6e-02) ms⁻¹, wall time: 6.211 hours
i: 168000, t: 58.246 days, Δt: 30 seconds, umax = (5.7e-01, 5.6e-01, 5.2e-02) ms⁻¹, wall time: 6.248 hours
i: 169000, t: 58.593 days, Δt: 30 seconds, umax = (5.7e-01, 5.7e-01, 4.5e-02) ms⁻¹, wall time: 6.284 hours
i: 170000, t: 58.941 days, Δt: 30 seconds, umax = (5.7e-01, 5.6e-01, 5.0e-02) ms⁻¹, wall time: 6.320 hours
i: 171000, t: 59.288 days, Δt: 30 seconds, umax = (5.8e-01, 5.6e-01, 5.0e-02) ms⁻¹, wall time: 6.356 hours
i: 172000, t: 59.635 days, Δt: 30 seconds, umax = (5.8e-01, 5.6e-01, 6.1e-02) ms⁻¹, wall time: 6.392 hours
i: 173000, t: 59.982 days, Δt: 30 seconds, umax = (5.9e-01, 5.5e-01, 4.8e-02) ms⁻¹, wall time: 6.428 hours
i: 174000, t: 60.330 days, Δt: 30 seconds, umax = (5.8e-01, 5.4e-01, 3.2e-02) ms⁻¹, wall time: 6.466 hours
i: 175000, t: 60.677 days, Δt: 30 seconds, umax = (5.9e-01, 5.4e-01, 4.8e-02) ms⁻¹, wall time: 6.502 hours
i: 176000, t: 61.024 days, Δt: 30 seconds, umax = (5.9e-01, 5.5e-01, 3.7e-02) ms⁻¹, wall time: 6.538 hours
i: 177000, t: 61.371 days, Δt: 30 seconds, umax = (5.9e-01, 5.5e-01, 3.1e-02) ms⁻¹, wall time: 6.574 hours
i: 178000, t: 61.718 days, Δt: 30 seconds, umax = (5.8e-01, 5.7e-01, 5.8e-02) ms⁻¹, wall time: 6.610 hours
i: 179000, t: 62.066 days, Δt: 30 seconds, umax = (5.7e-01, 5.7e-01, 6.2e-02) ms⁻¹, wall time: 6.647 hours
i: 180000, t: 62.413 days, Δt: 30 seconds, umax = (5.8e-01, 5.5e-01, 5.3e-02) ms⁻¹, wall time: 6.683 hours
i: 181000, t: 62.760 days, Δt: 30 seconds, umax = (5.8e-01, 5.6e-01, 5.3e-02) ms⁻¹, wall time: 6.719 hours
i: 182000, t: 63.107 days, Δt: 30 seconds, umax = (5.7e-01, 5.8e-01, 5.1e-02) ms⁻¹, wall time: 6.756 hours
i: 183000, t: 63.455 days, Δt: 30 seconds, umax = (5.6e-01, 5.8e-01, 4.8e-02) ms⁻¹, wall time: 6.792 hours
i: 184000, t: 63.802 days, Δt: 30 seconds, umax = (5.5e-01, 5.7e-01, 5.5e-02) ms⁻¹, wall time: 6.829 hours
i: 185000, t: 64.149 days, Δt: 30 seconds, umax = (5.4e-01, 5.8e-01, 4.0e-02) ms⁻¹, wall time: 6.866 hours
i: 186000, t: 64.496 days, Δt: 30 seconds, umax = (5.3e-01, 5.8e-01, 3.3e-02) ms⁻¹, wall time: 6.902 hours
i: 187000, t: 64.843 days, Δt: 30 seconds, umax = (5.4e-01, 5.7e-01, 4.2e-02) ms⁻¹, wall time: 6.938 hours
i: 188000, t: 65.191 days, Δt: 30 seconds, umax = (5.3e-01, 5.8e-01, 3.8e-02) ms⁻¹, wall time: 6.975 hours
i: 189000, t: 65.538 days, Δt: 30 seconds, umax = (5.3e-01, 5.8e-01, 3.7e-02) ms⁻¹, wall time: 7.012 hours
i: 190000, t: 65.885 days, Δt: 30 seconds, umax = (5.4e-01, 5.8e-01, 4.2e-02) ms⁻¹, wall time: 7.048 hours
i: 191000, t: 66.232 days, Δt: 30 seconds, umax = (5.6e-01, 5.8e-01, 4.1e-02) ms⁻¹, wall time: 7.085 hours
i: 192000, t: 66.580 days, Δt: 30 seconds, umax = (5.5e-01, 6.0e-01, 4.1e-02) ms⁻¹, wall time: 7.121 hours
i: 193000, t: 66.927 days, Δt: 30 seconds, umax = (5.5e-01, 6.0e-01, 4.4e-02) ms⁻¹, wall time: 7.157 hours
i: 194000, t: 67.274 days, Δt: 30 seconds, umax = (5.6e-01, 5.9e-01, 5.5e-02) ms⁻¹, wall time: 7.194 hours
i: 195000, t: 67.621 days, Δt: 30 seconds, umax = (5.6e-01, 5.9e-01, 4.8e-02) ms⁻¹, wall time: 7.230 hours
i: 196000, t: 67.968 days, Δt: 30 seconds, umax = (5.5e-01, 5.9e-01, 5.1e-02) ms⁻¹, wall time: 7.266 hours
i: 197000, t: 68.316 days, Δt: 30 seconds, umax = (5.6e-01, 5.8e-01, 6.0e-02) ms⁻¹, wall time: 7.303 hours
i: 198000, t: 68.663 days, Δt: 30 seconds, umax = (5.7e-01, 5.7e-01, 5.0e-02) ms⁻¹, wall time: 7.339 hours
i: 199000, t: 69.010 days, Δt: 30 seconds, umax = (5.6e-01, 5.7e-01, 4.4e-02) ms⁻¹, wall time: 7.375 hours
i: 200000, t: 69.357 days, Δt: 30 seconds, umax = (5.6e-01, 5.6e-01, 3.9e-02) ms⁻¹, wall time: 7.412 hours
i: 201000, t: 69.705 days, Δt: 30 seconds, umax = (5.7e-01, 5.3e-01, 5.9e-02) ms⁻¹, wall time: 7.448 hours
i: 202000, t: 70.052 days, Δt: 30 seconds, umax = (5.8e-01, 5.3e-01, 6.1e-02) ms⁻¹, wall time: 7.485 hours
i: 203000, t: 70.399 days, Δt: 30 seconds, umax = (5.8e-01, 5.3e-01, 5.9e-02) ms⁻¹, wall time: 7.521 hours
i: 204000, t: 70.746 days, Δt: 30 seconds, umax = (5.9e-01, 5.4e-01, 4.2e-02) ms⁻¹, wall time: 7.557 hours
i: 205000, t: 71.093 days, Δt: 30 seconds, umax = (5.9e-01, 5.3e-01, 5.4e-02) ms⁻¹, wall time: 7.594 hours
i: 206000, t: 71.441 days, Δt: 30 seconds, umax = (5.9e-01, 5.5e-01, 4.4e-02) ms⁻¹, wall time: 7.630 hours
i: 207000, t: 71.788 days, Δt: 30 seconds, umax = (5.8e-01, 5.7e-01, 5.3e-02) ms⁻¹, wall time: 7.667 hours
i: 208000, t: 72.135 days, Δt: 30 seconds, umax = (5.7e-01, 5.7e-01, 4.4e-02) ms⁻¹, wall time: 7.704 hours
i: 209000, t: 72.482 days, Δt: 30 seconds, umax = (5.6e-01, 5.7e-01, 5.3e-02) ms⁻¹, wall time: 7.740 hours
i: 210000, t: 72.830 days, Δt: 30 seconds, umax = (5.5e-01, 5.7e-01, 4.5e-02) ms⁻¹, wall time: 7.777 hours
i: 211000, t: 73.177 days, Δt: 30 seconds, umax = (5.4e-01, 5.8e-01, 4.7e-02) ms⁻¹, wall time: 7.814 hours
i: 212000, t: 73.524 days, Δt: 30 seconds, umax = (5.3e-01, 5.8e-01, 4.6e-02) ms⁻¹, wall time: 7.850 hours
i: 213000, t: 73.871 days, Δt: 30 seconds, umax = (5.2e-01, 5.7e-01, 6.1e-02) ms⁻¹, wall time: 7.887 hours
i: 214000, t: 74.218 days, Δt: 30 seconds, umax = (5.2e-01, 5.7e-01, 4.4e-02) ms⁻¹, wall time: 7.924 hours
i: 215000, t: 74.566 days, Δt: 30 seconds, umax = (5.4e-01, 5.6e-01, 4.9e-02) ms⁻¹, wall time: 7.960 hours
i: 216000, t: 74.913 days, Δt: 30 seconds, umax = (5.6e-01, 5.5e-01, 5.7e-02) ms⁻¹, wall time: 7.997 hours
i: 217000, t: 75.260 days, Δt: 30 seconds, umax = (5.6e-01, 5.6e-01, 7.2e-02) ms⁻¹, wall time: 8.034 hours
i: 218000, t: 75.607 days, Δt: 30 seconds, umax = (5.7e-01, 5.8e-01, 4.7e-02) ms⁻¹, wall time: 8.070 hours
i: 219000, t: 75.955 days, Δt: 30 seconds, umax = (5.7e-01, 5.9e-01, 5.5e-02) ms⁻¹, wall time: 8.106 hours
i: 220000, t: 76.302 days, Δt: 30 seconds, umax = (5.5e-01, 6.0e-01, 5.0e-02) ms⁻¹, wall time: 8.143 hours
i: 221000, t: 76.649 days, Δt: 30 seconds, umax = (5.4e-01, 6.0e-01, 4.9e-02) ms⁻¹, wall time: 8.179 hours
i: 222000, t: 76.996 days, Δt: 30 seconds, umax = (5.5e-01, 6.0e-01, 4.9e-02) ms⁻¹, wall time: 8.215 hours
i: 223000, t: 77.343 days, Δt: 30 seconds, umax = (5.6e-01, 5.9e-01, 5.4e-02) ms⁻¹, wall time: 8.253 hours
i: 224000, t: 77.691 days, Δt: 30 seconds, umax = (5.6e-01, 5.7e-01, 5.0e-02) ms⁻¹, wall time: 8.289 hours
i: 225000, t: 78.038 days, Δt: 30 seconds, umax = (5.6e-01, 5.6e-01, 5.6e-02) ms⁻¹, wall time: 8.325 hours
i: 226000, t: 78.385 days, Δt: 30 seconds, umax = (5.8e-01, 5.4e-01, 7.6e-02) ms⁻¹, wall time: 8.361 hours
i: 227000, t: 78.732 days, Δt: 30 seconds, umax = (6.0e-01, 5.3e-01, 7.0e-02) ms⁻¹, wall time: 8.398 hours
i: 228000, t: 79.080 days, Δt: 30 seconds, umax = (6.0e-01, 5.3e-01, 5.1e-02) ms⁻¹, wall time: 8.434 hours
i: 229000, t: 79.427 days, Δt: 30 seconds, umax = (5.9e-01, 5.4e-01, 5.1e-02) ms⁻¹, wall time: 8.471 hours
i: 230000, t: 79.774 days, Δt: 30 seconds, umax = (6.0e-01, 5.4e-01, 5.4e-02) ms⁻¹, wall time: 8.507 hours
i: 231000, t: 80.121 days, Δt: 30 seconds, umax = (6.1e-01, 5.5e-01, 5.8e-02) ms⁻¹, wall time: 8.544 hours
i: 232000, t: 80.468 days, Δt: 30 seconds, umax = (6.0e-01, 5.7e-01, 7.4e-02) ms⁻¹, wall time: 8.580 hours
i: 233000, t: 80.816 days, Δt: 30 seconds, umax = (5.9e-01, 5.8e-01, 6.5e-02) ms⁻¹, wall time: 8.617 hours
i: 234000, t: 81.163 days, Δt: 30 seconds, umax = (6.0e-01, 5.7e-01, 6.9e-02) ms⁻¹, wall time: 8.654 hours
i: 235000, t: 81.510 days, Δt: 30 seconds, umax = (6.1e-01, 5.6e-01, 4.7e-02) ms⁻¹, wall time: 8.690 hours
i: 236000, t: 81.857 days, Δt: 30 seconds, umax = (6.0e-01, 5.7e-01, 6.0e-02) ms⁻¹, wall time: 8.726 hours
i: 237000, t: 82.205 days, Δt: 30 seconds, umax = (5.8e-01, 5.7e-01, 5.1e-02) ms⁻¹, wall time: 8.764 hours
i: 238000, t: 82.552 days, Δt: 30 seconds, umax = (5.9e-01, 5.4e-01, 5.1e-02) ms⁻¹, wall time: 8.800 hours
i: 239000, t: 82.899 days, Δt: 30 seconds, umax = (5.9e-01, 5.5e-01, 9.6e-02) ms⁻¹, wall time: 8.836 hours
i: 240000, t: 83.246 days, Δt: 30 seconds, umax = (5.7e-01, 5.7e-01, 6.3e-02) ms⁻¹, wall time: 8.873 hours
i: 241000, t: 83.593 days, Δt: 30 seconds, umax = (5.6e-01, 5.7e-01, 5.3e-02) ms⁻¹, wall time: 8.910 hours
i: 242000, t: 83.941 days, Δt: 30 seconds, umax = (5.8e-01, 5.6e-01, 5.7e-02) ms⁻¹, wall time: 8.946 hours
i: 243000, t: 84.288 days, Δt: 30 seconds, umax = (5.9e-01, 5.8e-01, 6.3e-02) ms⁻¹, wall time: 8.983 hours
i: 244000, t: 84.635 days, Δt: 30 seconds, umax = (5.8e-01, 5.9e-01, 7.4e-02) ms⁻¹, wall time: 9.019 hours
i: 245000, t: 84.982 days, Δt: 30 seconds, umax = (5.8e-01, 6.0e-01, 8.8e-02) ms⁻¹, wall time: 9.055 hours
i: 246000, t: 85.330 days, Δt: 30 seconds, umax = (5.8e-01, 6.1e-01, 8.8e-02) ms⁻¹, wall time: 9.092 hours
i: 247000, t: 85.677 days, Δt: 30 seconds, umax = (5.7e-01, 6.2e-01, 8.0e-02) ms⁻¹, wall time: 9.128 hours
i: 248000, t: 86.024 days, Δt: 30 seconds, umax = (5.5e-01, 6.3e-01, 5.8e-02) ms⁻¹, wall time: 9.165 hours
i: 249000, t: 86.371 days, Δt: 30 seconds, umax = (5.3e-01, 6.2e-01, 6.5e-02) ms⁻¹, wall time: 9.201 hours
i: 250000, t: 86.718 days, Δt: 30 seconds, umax = (5.2e-01, 6.0e-01, 6.1e-02) ms⁻¹, wall time: 9.238 hours
i: 251000, t: 87.066 days, Δt: 30 seconds, umax = (5.1e-01, 6.0e-01, 6.5e-02) ms⁻¹, wall time: 9.274 hours
i: 252000, t: 87.413 days, Δt: 30 seconds, umax = (5.0e-01, 6.0e-01, 7.5e-02) ms⁻¹, wall time: 9.310 hours
i: 253000, t: 87.760 days, Δt: 30 seconds, umax = (5.1e-01, 5.8e-01, 7.6e-02) ms⁻¹, wall time: 9.347 hours
i: 254000, t: 88.107 days, Δt: 30 seconds, umax = (5.4e-01, 5.6e-01, 5.9e-02) ms⁻¹, wall time: 9.383 hours
i: 255000, t: 88.455 days, Δt: 30 seconds, umax = (5.8e-01, 5.6e-01, 5.6e-02) ms⁻¹, wall time: 9.420 hours
i: 256000, t: 88.802 days, Δt: 30 seconds, umax = (5.8e-01, 5.7e-01, 5.4e-02) ms⁻¹, wall time: 9.456 hours
i: 257000, t: 89.149 days, Δt: 30 seconds, umax = (5.9e-01, 5.9e-01, 5.4e-02) ms⁻¹, wall time: 9.493 hours
i: 258000, t: 89.496 days, Δt: 30 seconds, umax = (6.0e-01, 5.8e-01, 6.1e-02) ms⁻¹, wall time: 9.529 hours
i: 259000, t: 89.843 days, Δt: 30 seconds, umax = (6.1e-01, 5.7e-01, 6.8e-02) ms⁻¹, wall time: 9.565 hours
i: 260000, t: 90.191 days, Δt: 30 seconds, umax = (6.1e-01, 5.8e-01, 5.8e-02) ms⁻¹, wall time: 9.607 hours
i: 261000, t: 90.538 days, Δt: 30 seconds, umax = (5.8e-01, 5.8e-01, 6.1e-02) ms⁻¹, wall time: 9.643 hours
i: 262000, t: 90.885 days, Δt: 30 seconds, umax = (5.7e-01, 5.7e-01, 7.9e-02) ms⁻¹, wall time: 9.679 hours
i: 263000, t: 91.232 days, Δt: 30 seconds, umax = (5.8e-01, 5.5e-01, 6.1e-02) ms⁻¹, wall time: 9.716 hours
i: 264000, t: 91.580 days, Δt: 30 seconds, umax = (5.8e-01, 5.4e-01, 5.9e-02) ms⁻¹, wall time: 9.752 hours
i: 265000, t: 91.927 days, Δt: 30 seconds, umax = (5.7e-01, 5.5e-01, 6.1e-02) ms⁻¹, wall time: 9.788 hours
i: 266000, t: 92.274 days, Δt: 30 seconds, umax = (5.7e-01, 5.5e-01, 6.7e-02) ms⁻¹, wall time: 9.825 hours
i: 267000, t: 92.621 days, Δt: 30 seconds, umax = (5.9e-01, 5.3e-01, 7.7e-02) ms⁻¹, wall time: 9.861 hours
i: 268000, t: 92.968 days, Δt: 30 seconds, umax = (5.9e-01, 5.4e-01, 6.3e-02) ms⁻¹, wall time: 9.897 hours
i: 269000, t: 93.316 days, Δt: 30 seconds, umax = (5.8e-01, 5.7e-01, 6.5e-02) ms⁻¹, wall time: 9.934 hours
i: 270000, t: 93.663 days, Δt: 30 seconds, umax = (5.7e-01, 5.6e-01, 7.8e-02) ms⁻¹, wall time: 9.970 hours
i: 271000, t: 94.010 days, Δt: 30 seconds, umax = (5.7e-01, 5.6e-01, 5.9e-02) ms⁻¹, wall time: 10.007 hours
i: 272000, t: 94.357 days, Δt: 30 seconds, umax = (5.7e-01, 5.8e-01, 6.1e-02) ms⁻¹, wall time: 10.043 hours
i: 273000, t: 94.705 days, Δt: 30 seconds, umax = (5.5e-01, 6.0e-01, 8.7e-02) ms⁻¹, wall time: 10.079 hours
i: 274000, t: 95.052 days, Δt: 30 seconds, umax = (5.4e-01, 6.2e-01, 8.3e-02) ms⁻¹, wall time: 10.115 hours
i: 275000, t: 95.399 days, Δt: 30 seconds, umax = (5.5e-01, 6.0e-01, 5.5e-02) ms⁻¹, wall time: 10.151 hours
i: 276000, t: 95.746 days, Δt: 30 seconds, umax = (5.5e-01, 5.9e-01, 6.1e-02) ms⁻¹, wall time: 10.187 hours
i: 277000, t: 96.093 days, Δt: 30 seconds, umax = (5.5e-01, 6.0e-01, 7.4e-02) ms⁻¹, wall time: 10.224 hours
i: 278000, t: 96.441 days, Δt: 30 seconds, umax = (5.4e-01, 5.9e-01, 8.7e-02) ms⁻¹, wall time: 10.260 hours
i: 279000, t: 96.788 days, Δt: 30 seconds, umax = (5.6e-01, 5.7e-01, 5.2e-02) ms⁻¹, wall time: 10.296 hours
i: 280000, t: 97.135 days, Δt: 30 seconds, umax = (5.7e-01, 5.5e-01, 6.2e-02) ms⁻¹, wall time: 10.333 hours
i: 281000, t: 97.482 days, Δt: 30 seconds, umax = (5.7e-01, 5.7e-01, 6.1e-02) ms⁻¹, wall time: 10.369 hours
i: 282000, t: 97.830 days, Δt: 30 seconds, umax = (5.9e-01, 5.6e-01, 7.2e-02) ms⁻¹, wall time: 10.405 hours
i: 283000, t: 98.177 days, Δt: 30 seconds, umax = (6.1e-01, 5.5e-01, 7.1e-02) ms⁻¹, wall time: 10.441 hours
i: 284000, t: 98.524 days, Δt: 30 seconds, umax = (5.9e-01, 5.6e-01, 6.4e-02) ms⁻¹, wall time: 10.477 hours
i: 285000, t: 98.871 days, Δt: 30 seconds, umax = (5.9e-01, 5.8e-01, 6.3e-02) ms⁻¹, wall time: 10.513 hours
i: 286000, t: 99.218 days, Δt: 30 seconds, umax = (6.0e-01, 5.8e-01, 6.0e-02) ms⁻¹, wall time: 10.550 hours
i: 287000, t: 99.566 days, Δt: 30 seconds, umax = (6.1e-01, 5.6e-01, 6.8e-02) ms⁻¹, wall time: 10.586 hours
i: 288000, t: 99.913 days, Δt: 30 seconds, umax = (6.0e-01, 5.5e-01, 6.3e-02) ms⁻¹, wall time: 10.621 hours
i: 289000, t: 100.260 days, Δt: 30 seconds, umax = (5.8e-01, 5.4e-01, 5.1e-02) ms⁻¹, wall time: 10.658 hours
i: 290000, t: 100.607 days, Δt: 30 seconds, umax = (6.0e-01, 5.3e-01, 6.1e-02) ms⁻¹, wall time: 10.694 hours
i: 291000, t: 100.955 days, Δt: 30 seconds, umax = (6.3e-01, 5.2e-01, 5.7e-02) ms⁻¹, wall time: 10.729 hours
i: 292000, t: 101.302 days, Δt: 30 seconds, umax = (6.2e-01, 5.0e-01, 8.1e-02) ms⁻¹, wall time: 10.766 hours
i: 293000, t: 101.649 days, Δt: 30 seconds, umax = (6.1e-01, 5.1e-01, 6.6e-02) ms⁻¹, wall time: 10.802 hours
i: 294000, t: 101.996 days, Δt: 30 seconds, umax = (6.2e-01, 5.3e-01, 7.3e-02) ms⁻¹, wall time: 10.838 hours
i: 295000, t: 102.343 days, Δt: 30 seconds, umax = (6.3e-01, 5.6e-01, 6.0e-02) ms⁻¹, wall time: 10.874 hours
i: 296000, t: 102.691 days, Δt: 30 seconds, umax = (6.2e-01, 5.8e-01, 6.3e-02) ms⁻¹, wall time: 10.910 hours
i: 297000, t: 103.038 days, Δt: 30 seconds, umax = (6.0e-01, 6.1e-01, 6.7e-02) ms⁻¹, wall time: 10.946 hours
i: 298000, t: 103.385 days, Δt: 30 seconds, umax = (5.7e-01, 6.2e-01, 6.8e-02) ms⁻¹, wall time: 10.982 hours
i: 299000, t: 103.732 days, Δt: 30 seconds, umax = (5.8e-01, 6.2e-01, 6.3e-02) ms⁻¹, wall time: 11.018 hours
i: 300000, t: 104.080 days, Δt: 30 seconds, umax = (5.7e-01, 6.3e-01, 7.8e-02) ms⁻¹, wall time: 11.054 hours
i: 301000, t: 104.427 days, Δt: 30 seconds, umax = (5.5e-01, 6.3e-01, 5.7e-02) ms⁻¹, wall time: 11.090 hours
i: 302000, t: 104.774 days, Δt: 30 seconds, umax = (5.3e-01, 6.1e-01, 6.2e-02) ms⁻¹, wall time: 11.125 hours
i: 303000, t: 105.121 days, Δt: 30 seconds, umax = (5.3e-01, 6.1e-01, 6.7e-02) ms⁻¹, wall time: 11.162 hours
i: 304000, t: 105.468 days, Δt: 30 seconds, umax = (5.4e-01, 6.0e-01, 5.3e-02) ms⁻¹, wall time: 11.197 hours
i: 305000, t: 105.816 days, Δt: 30 seconds, umax = (5.4e-01, 6.1e-01, 6.3e-02) ms⁻¹, wall time: 11.233 hours
i: 306000, t: 106.163 days, Δt: 30 seconds, umax = (5.5e-01, 6.0e-01, 6.3e-02) ms⁻¹, wall time: 11.269 hours
i: 307000, t: 106.510 days, Δt: 30 seconds, umax = (5.6e-01, 6.0e-01, 9.2e-02) ms⁻¹, wall time: 11.305 hours
i: 308000, t: 106.857 days, Δt: 30 seconds, umax = (5.7e-01, 6.0e-01, 7.4e-02) ms⁻¹, wall time: 11.341 hours
i: 309000, t: 107.205 days, Δt: 30 seconds, umax = (5.8e-01, 6.0e-01, 6.0e-02) ms⁻¹, wall time: 11.378 hours
i: 310000, t: 107.552 days, Δt: 30 seconds, umax = (5.8e-01, 6.0e-01, 5.3e-02) ms⁻¹, wall time: 11.414 hours
i: 311000, t: 107.899 days, Δt: 30 seconds, umax = (5.8e-01, 5.9e-01, 5.0e-02) ms⁻¹, wall time: 11.449 hours
i: 312000, t: 108.246 days, Δt: 30 seconds, umax = (5.7e-01, 5.9e-01, 5.3e-02) ms⁻¹, wall time: 11.486 hours
i: 313000, t: 108.593 days, Δt: 30 seconds, umax = (5.8e-01, 5.6e-01, 5.3e-02) ms⁻¹, wall time: 11.522 hours
i: 314000, t: 108.941 days, Δt: 30 seconds, umax = (5.8e-01, 5.5e-01, 6.3e-02) ms⁻¹, wall time: 11.558 hours
i: 315000, t: 109.288 days, Δt: 30 seconds, umax = (5.9e-01, 5.4e-01, 8.6e-02) ms⁻¹, wall time: 11.595 hours
i: 316000, t: 109.635 days, Δt: 30 seconds, umax = (6.1e-01, 5.3e-01, 6.9e-02) ms⁻¹, wall time: 11.631 hours
i: 317000, t: 109.982 days, Δt: 30 seconds, umax = (6.2e-01, 5.3e-01, 6.4e-02) ms⁻¹, wall time: 11.667 hours
i: 318000, t: 110.330 days, Δt: 30 seconds, umax = (6.2e-01, 5.4e-01, 5.9e-02) ms⁻¹, wall time: 11.704 hours
i: 319000, t: 110.677 days, Δt: 30 seconds, umax = (6.1e-01, 5.7e-01, 7.0e-02) ms⁻¹, wall time: 11.740 hours
i: 320000, t: 111.024 days, Δt: 30 seconds, umax = (5.9e-01, 5.8e-01, 6.0e-02) ms⁻¹, wall time: 11.777 hours
i: 321000, t: 111.371 days, Δt: 30 seconds, umax = (5.9e-01, 5.8e-01, 6.3e-02) ms⁻¹, wall time: 11.813 hours
i: 322000, t: 111.718 days, Δt: 30 seconds, umax = (5.7e-01, 5.9e-01, 6.2e-02) ms⁻¹, wall time: 11.849 hours
i: 323000, t: 112.066 days, Δt: 30 seconds, umax = (5.5e-01, 5.9e-01, 6.3e-02) ms⁻¹, wall time: 11.886 hours
i: 324000, t: 112.413 days, Δt: 30 seconds, umax = (5.4e-01, 5.9e-01, 6.4e-02) ms⁻¹, wall time: 11.922 hours
i: 325000, t: 112.760 days, Δt: 30 seconds, umax = (5.4e-01, 5.9e-01, 6.7e-02) ms⁻¹, wall time: 11.958 hours
i: 326000, t: 113.107 days, Δt: 30 seconds, umax = (5.4e-01, 5.8e-01, 5.5e-02) ms⁻¹, wall time: 11.994 hours
i: 327000, t: 113.455 days, Δt: 30 seconds, umax = (5.5e-01, 5.9e-01, 7.0e-02) ms⁻¹, wall time: 12.030 hours
i: 328000, t: 113.802 days, Δt: 30 seconds, umax = (5.6e-01, 5.9e-01, 8.1e-02) ms⁻¹, wall time: 12.066 hours
i: 329000, t: 114.149 days, Δt: 30 seconds, umax = (5.7e-01, 6.1e-01, 7.0e-02) ms⁻¹, wall time: 12.106 hours
i: 330000, t: 114.496 days, Δt: 30 seconds, umax = (5.8e-01, 6.1e-01, 5.8e-02) ms⁻¹, wall time: 12.142 hours
i: 331000, t: 114.843 days, Δt: 30 seconds, umax = (5.8e-01, 6.3e-01, 6.3e-02) ms⁻¹, wall time: 12.178 hours
i: 332000, t: 115.191 days, Δt: 30 seconds, umax = (5.8e-01, 6.3e-01, 6.0e-02) ms⁻¹, wall time: 12.215 hours
i: 333000, t: 115.538 days, Δt: 30 seconds, umax = (5.8e-01, 6.2e-01, 6.7e-02) ms⁻¹, wall time: 12.251 hours
i: 334000, t: 115.885 days, Δt: 30 seconds, umax = (5.7e-01, 6.0e-01, 6.1e-02) ms⁻¹, wall time: 12.287 hours
i: 335000, t: 116.232 days, Δt: 30 seconds, umax = (5.6e-01, 6.0e-01, 7.1e-02) ms⁻¹, wall time: 12.324 hours
i: 336000, t: 116.580 days, Δt: 30 seconds, umax = (5.5e-01, 5.8e-01, 6.2e-02) ms⁻¹, wall time: 12.360 hours
i: 337000, t: 116.927 days, Δt: 30 seconds, umax = (5.7e-01, 5.6e-01, 7.1e-02) ms⁻¹, wall time: 12.396 hours
i: 338000, t: 117.274 days, Δt: 30 seconds, umax = (5.7e-01, 5.4e-01, 6.0e-02) ms⁻¹, wall time: 12.433 hours
i: 339000, t: 117.621 days, Δt: 30 seconds, umax = (5.9e-01, 5.3e-01, 7.2e-02) ms⁻¹, wall time: 12.469 hours
i: 340000, t: 117.968 days, Δt: 30 seconds, umax = (6.1e-01, 5.2e-01, 7.2e-02) ms⁻¹, wall time: 12.505 hours
i: 341000, t: 118.316 days, Δt: 30 seconds, umax = (6.1e-01, 5.3e-01, 6.8e-02) ms⁻¹, wall time: 12.542 hours
i: 342000, t: 118.663 days, Δt: 30 seconds, umax = (6.1e-01, 5.5e-01, 8.0e-02) ms⁻¹, wall time: 12.578 hours
i: 343000, t: 119.010 days, Δt: 30 seconds, umax = (6.2e-01, 5.6e-01, 8.3e-02) ms⁻¹, wall time: 12.615 hours
i: 344000, t: 119.357 days, Δt: 30 seconds, umax = (6.1e-01, 5.8e-01, 8.1e-02) ms⁻¹, wall time: 12.651 hours
i: 345000, t: 119.705 days, Δt: 30 seconds, umax = (6.0e-01, 5.8e-01, 7.8e-02) ms⁻¹, wall time: 12.687 hours
i: 346000, t: 120.052 days, Δt: 30 seconds, umax = (6.0e-01, 5.6e-01, 7.6e-02) ms⁻¹, wall time: 12.725 hours
i: 347000, t: 120.399 days, Δt: 30 seconds, umax = (6.0e-01, 5.6e-01, 7.8e-02) ms⁻¹, wall time: 12.762 hours
i: 348000, t: 120.746 days, Δt: 30 seconds, umax = (6.0e-01, 5.7e-01, 7.4e-02) ms⁻¹, wall time: 12.798 hours
i: 349000, t: 121.093 days, Δt: 30 seconds, umax = (5.9e-01, 5.7e-01, 7.8e-02) ms⁻¹, wall time: 12.835 hours
i: 350000, t: 121.441 days, Δt: 30 seconds, umax = (6.0e-01, 5.4e-01, 7.8e-02) ms⁻¹, wall time: 12.871 hours
i: 351000, t: 121.788 days, Δt: 30 seconds, umax = (6.1e-01, 5.4e-01, 7.2e-02) ms⁻¹, wall time: 12.907 hours
i: 352000, t: 122.135 days, Δt: 30 seconds, umax = (6.0e-01, 5.6e-01, 7.1e-02) ms⁻¹, wall time: 12.945 hours
i: 353000, t: 122.482 days, Δt: 30 seconds, umax = (6.1e-01, 5.6e-01, 6.9e-02) ms⁻¹, wall time: 12.981 hours
i: 354000, t: 122.830 days, Δt: 30 seconds, umax = (6.2e-01, 5.7e-01, 8.7e-02) ms⁻¹, wall time: 13.017 hours
i: 355000, t: 123.177 days, Δt: 30 seconds, umax = (6.0e-01, 5.9e-01, 9.0e-02) ms⁻¹, wall time: 13.054 hours
i: 356000, t: 123.524 days, Δt: 30 seconds, umax = (6.0e-01, 6.0e-01, 8.3e-02) ms⁻¹, wall time: 13.091 hours
i: 357000, t: 123.871 days, Δt: 30 seconds, umax = (6.1e-01, 6.1e-01, 7.3e-02) ms⁻¹, wall time: 13.127 hours
i: 358000, t: 124.218 days, Δt: 30 seconds, umax = (6.0e-01, 6.2e-01, 5.8e-02) ms⁻¹, wall time: 13.165 hours
i: 359000, t: 124.566 days, Δt: 30 seconds, umax = (5.6e-01, 6.4e-01, 6.7e-02) ms⁻¹, wall time: 13.201 hours
i: 360000, t: 124.913 days, Δt: 30 seconds, umax = (5.6e-01, 6.0e-01, 7.0e-02) ms⁻¹, wall time: 13.237 hours
i: 361000, t: 125.260 days, Δt: 30 seconds, umax = (5.8e-01, 6.0e-01, 6.5e-02) ms⁻¹, wall time: 13.275 hours
i: 362000, t: 125.607 days, Δt: 30 seconds, umax = (5.6e-01, 6.2e-01, 6.5e-02) ms⁻¹, wall time: 13.311 hours
i: 363000, t: 125.955 days, Δt: 30 seconds, umax = (5.5e-01, 6.2e-01, 6.5e-02) ms⁻¹, wall time: 13.347 hours
i: 364000, t: 126.302 days, Δt: 30 seconds, umax = (5.7e-01, 5.8e-01, 6.5e-02) ms⁻¹, wall time: 13.385 hours
i: 365000, t: 126.649 days, Δt: 30 seconds, umax = (5.7e-01, 5.9e-01, 5.7e-02) ms⁻¹, wall time: 13.421 hours
i: 366000, t: 126.996 days, Δt: 30 seconds, umax = (5.8e-01, 6.1e-01, 6.4e-02) ms⁻¹, wall time: 13.457 hours
i: 367000, t: 127.343 days, Δt: 30 seconds, umax = (5.7e-01, 6.2e-01, 5.6e-02) ms⁻¹, wall time: 13.494 hours
i: 368000, t: 127.691 days, Δt: 30 seconds, umax = (5.9e-01, 5.9e-01, 6.7e-02) ms⁻¹, wall time: 13.531 hours
i: 369000, t: 128.038 days, Δt: 30 seconds, umax = (5.9e-01, 6.1e-01, 6.5e-02) ms⁻¹, wall time: 13.568 hours
i: 370000, t: 128.385 days, Δt: 30 seconds, umax = (5.8e-01, 6.2e-01, 6.8e-02) ms⁻¹, wall time: 13.604 hours
i: 371000, t: 128.732 days, Δt: 30 seconds, umax = (5.8e-01, 6.1e-01, 6.4e-02) ms⁻¹, wall time: 13.640 hours
i: 372000, t: 129.080 days, Δt: 30 seconds, umax = (5.8e-01, 6.0e-01, 7.2e-02) ms⁻¹, wall time: 13.677 hours
i: 373000, t: 129.427 days, Δt: 30 seconds, umax = (5.8e-01, 6.0e-01, 6.6e-02) ms⁻¹, wall time: 13.713 hours
i: 374000, t: 129.774 days, Δt: 30 seconds, umax = (5.8e-01, 5.9e-01, 8.2e-02) ms⁻¹, wall time: 13.750 hours
i: 375000, t: 130.121 days, Δt: 30 seconds, umax = (5.8e-01, 5.8e-01, 7.7e-02) ms⁻¹, wall time: 13.786 hours
i: 376000, t: 130.468 days, Δt: 30 seconds, umax = (6.0e-01, 5.5e-01, 5.8e-02) ms⁻¹, wall time: 13.822 hours
i: 377000, t: 130.816 days, Δt: 30 seconds, umax = (6.1e-01, 5.6e-01, 7.3e-02) ms⁻¹, wall time: 13.858 hours
i: 378000, t: 131.163 days, Δt: 30 seconds, umax = (6.1e-01, 5.5e-01, 7.9e-02) ms⁻¹, wall time: 13.895 hours
i: 379000, t: 131.510 days, Δt: 30 seconds, umax = (6.3e-01, 5.5e-01, 6.7e-02) ms⁻¹, wall time: 13.931 hours
i: 380000, t: 131.857 days, Δt: 30 seconds, umax = (6.3e-01, 5.3e-01, 7.7e-02) ms⁻¹, wall time: 13.967 hours
i: 381000, t: 132.205 days, Δt: 30 seconds, umax = (6.2e-01, 5.6e-01, 6.6e-02) ms⁻¹, wall time: 14.004 hours
i: 382000, t: 132.552 days, Δt: 30 seconds, umax = (6.1e-01, 5.7e-01, 6.6e-02) ms⁻¹, wall time: 14.040 hours
i: 383000, t: 132.899 days, Δt: 30 seconds, umax = (6.2e-01, 5.5e-01, 5.3e-02) ms⁻¹, wall time: 14.075 hours
i: 384000, t: 133.246 days, Δt: 30 seconds, umax = (6.2e-01, 5.6e-01, 5.0e-02) ms⁻¹, wall time: 14.112 hours
i: 385000, t: 133.593 days, Δt: 30 seconds, umax = (6.0e-01, 5.8e-01, 6.0e-02) ms⁻¹, wall time: 14.148 hours
i: 386000, t: 133.941 days, Δt: 30 seconds, umax = (5.9e-01, 5.9e-01, 6.3e-02) ms⁻¹, wall time: 14.184 hours
i: 387000, t: 134.288 days, Δt: 30 seconds, umax = (6.0e-01, 5.6e-01, 4.9e-02) ms⁻¹, wall time: 14.221 hours
i: 388000, t: 134.635 days, Δt: 30 seconds, umax = (6.0e-01, 5.7e-01, 6.2e-02) ms⁻¹, wall time: 14.257 hours
i: 389000, t: 134.982 days, Δt: 30 seconds, umax = (5.6e-01, 6.1e-01, 5.9e-02) ms⁻¹, wall time: 14.293 hours
i: 390000, t: 135.330 days, Δt: 30 seconds, umax = (5.8e-01, 6.0e-01, 6.0e-02) ms⁻¹, wall time: 14.329 hours
i: 391000, t: 135.677 days, Δt: 30 seconds, umax = (5.9e-01, 5.7e-01, 5.7e-02) ms⁻¹, wall time: 14.365 hours
i: 392000, t: 136.024 days, Δt: 30 seconds, umax = (5.8e-01, 6.0e-01, 5.9e-02) ms⁻¹, wall time: 14.402 hours
i: 393000, t: 136.371 days, Δt: 30 seconds, umax = (5.7e-01, 6.4e-01, 6.2e-02) ms⁻¹, wall time: 14.438 hours
i: 394000, t: 136.718 days, Δt: 30 seconds, umax = (5.9e-01, 5.9e-01, 7.0e-02) ms⁻¹, wall time: 14.474 hours
i: 395000, t: 137.066 days, Δt: 30 seconds, umax = (5.9e-01, 5.9e-01, 5.0e-02) ms⁻¹, wall time: 14.510 hours
i: 396000, t: 137.413 days, Δt: 30 seconds, umax = (5.8e-01, 6.3e-01, 5.2e-02) ms⁻¹, wall time: 14.546 hours
i: 397000, t: 137.760 days, Δt: 30 seconds, umax = (5.7e-01, 6.4e-01, 5.0e-02) ms⁻¹, wall time: 14.582 hours
i: 398000, t: 138.107 days, Δt: 30 seconds, umax = (6.0e-01, 6.4e-01, 5.1e-02) ms⁻¹, wall time: 14.618 hours
i: 399000, t: 138.455 days, Δt: 30 seconds, umax = (5.9e-01, 6.3e-01, 4.7e-02) ms⁻¹, wall time: 14.654 hours
i: 400000, t: 138.802 days, Δt: 30 seconds, umax = (5.6e-01, 6.4e-01, 4.8e-02) ms⁻¹, wall time: 14.689 hours
i: 401000, t: 139.149 days, Δt: 30 seconds, umax = (5.7e-01, 6.3e-01, 5.5e-02) ms⁻¹, wall time: 14.725 hours
i: 402000, t: 139.496 days, Δt: 30 seconds, umax = (6.2e-01, 6.2e-01, 5.6e-02) ms⁻¹, wall time: 14.761 hours
i: 403000, t: 139.843 days, Δt: 30 seconds, umax = (6.0e-01, 6.2e-01, 6.9e-02) ms⁻¹, wall time: 14.797 hours
i: 404000, t: 140.191 days, Δt: 30 seconds, umax = (5.7e-01, 6.1e-01, 5.0e-02) ms⁻¹, wall time: 14.833 hours
i: 405000, t: 140.538 days, Δt: 30 seconds, umax = (5.8e-01, 6.1e-01, 6.5e-02) ms⁻¹, wall time: 14.869 hours
i: 406000, t: 140.885 days, Δt: 30 seconds, umax = (6.4e-01, 5.8e-01, 5.2e-02) ms⁻¹, wall time: 14.904 hours
i: 407000, t: 141.232 days, Δt: 30 seconds, umax = (5.9e-01, 6.1e-01, 5.8e-02) ms⁻¹, wall time: 14.941 hours
i: 408000, t: 141.580 days, Δt: 30 seconds, umax = (5.9e-01, 6.0e-01, 4.8e-02) ms⁻¹, wall time: 14.977 hours
i: 409000, t: 141.927 days, Δt: 30 seconds, umax = (6.1e-01, 5.9e-01, 6.3e-02) ms⁻¹, wall time: 15.013 hours
i: 410000, t: 142.274 days, Δt: 30 seconds, umax = (6.4e-01, 5.7e-01, 5.2e-02) ms⁻¹, wall time: 15.049 hours
i: 411000, t: 142.621 days, Δt: 30 seconds, umax = (6.1e-01, 5.9e-01, 4.6e-02) ms⁻¹, wall time: 15.085 hours
i: 412000, t: 142.968 days, Δt: 30 seconds, umax = (5.9e-01, 6.0e-01, 5.6e-02) ms⁻¹, wall time: 15.121 hours
i: 413000, t: 143.316 days, Δt: 30 seconds, umax = (6.0e-01, 5.7e-01, 6.5e-02) ms⁻¹, wall time: 15.157 hours
i: 414000, t: 143.663 days, Δt: 30 seconds, umax = (6.3e-01, 5.5e-01, 5.2e-02) ms⁻¹, wall time: 15.193 hours
i: 415000, t: 144.010 days, Δt: 30 seconds, umax = (6.1e-01, 5.8e-01, 5.4e-02) ms⁻¹, wall time: 15.229 hours
i: 416000, t: 144.357 days, Δt: 30 seconds, umax = (6.0e-01, 5.7e-01, 5.1e-02) ms⁻¹, wall time: 15.265 hours
i: 417000, t: 144.705 days, Δt: 30 seconds, umax = (6.0e-01, 5.8e-01, 4.7e-02) ms⁻¹, wall time: 15.301 hours
i: 418000, t: 145.052 days, Δt: 30 seconds, umax = (6.3e-01, 5.7e-01, 4.7e-02) ms⁻¹, wall time: 15.337 hours
i: 419000, t: 145.399 days, Δt: 30 seconds, umax = (6.2e-01, 5.7e-01, 5.5e-02) ms⁻¹, wall time: 15.373 hours
i: 420000, t: 145.746 days, Δt: 30 seconds, umax = (6.0e-01, 5.6e-01, 4.5e-02) ms⁻¹, wall time: 15.409 hours
i: 421000, t: 146.093 days, Δt: 30 seconds, umax = (5.9e-01, 5.7e-01, 4.7e-02) ms⁻¹, wall time: 15.446 hours
i: 422000, t: 146.441 days, Δt: 30 seconds, umax = (6.2e-01, 5.7e-01, 4.5e-02) ms⁻¹, wall time: 15.482 hours
i: 423000, t: 146.788 days, Δt: 30 seconds, umax = (6.2e-01, 5.5e-01, 5.4e-02) ms⁻¹, wall time: 15.517 hours
i: 424000, t: 147.135 days, Δt: 30 seconds, umax = (5.8e-01, 5.8e-01, 5.4e-02) ms⁻¹, wall time: 15.554 hours
i: 425000, t: 147.482 days, Δt: 30 seconds, umax = (5.9e-01, 6.0e-01, 5.0e-02) ms⁻¹, wall time: 15.590 hours
i: 426000, t: 147.830 days, Δt: 30 seconds, umax = (6.0e-01, 5.8e-01, 4.6e-02) ms⁻¹, wall time: 15.626 hours
i: 427000, t: 148.177 days, Δt: 30 seconds, umax = (6.2e-01, 5.9e-01, 5.2e-02) ms⁻¹, wall time: 15.662 hours
i: 428000, t: 148.524 days, Δt: 30 seconds, umax = (5.8e-01, 6.1e-01, 5.4e-02) ms⁻¹, wall time: 15.698 hours
i: 429000, t: 148.871 days, Δt: 30 seconds, umax = (5.6e-01, 6.0e-01, 5.4e-02) ms⁻¹, wall time: 15.734 hours
i: 430000, t: 149.218 days, Δt: 30 seconds, umax = (6.1e-01, 5.7e-01, 5.8e-02) ms⁻¹, wall time: 15.770 hours
i: 431000, t: 149.566 days, Δt: 30 seconds, umax = (6.2e-01, 5.7e-01, 5.0e-02) ms⁻¹, wall time: 15.806 hours
i: 432000, t: 149.913 days, Δt: 30 seconds, umax = (5.9e-01, 6.1e-01, 5.6e-02) ms⁻¹, wall time: 15.842 hours
i: 433000, t: 150.260 days, Δt: 30 seconds, umax = (5.6e-01, 6.1e-01, 5.3e-02) ms⁻¹, wall time: 15.880 hours
i: 434000, t: 150.607 days, Δt: 30 seconds, umax = (5.8e-01, 5.8e-01, 5.5e-02) ms⁻¹, wall time: 15.916 hours
i: 435000, t: 150.955 days, Δt: 30 seconds, umax = (6.1e-01, 5.7e-01, 4.4e-02) ms⁻¹, wall time: 15.952 hours
i: 436000, t: 151.302 days, Δt: 30 seconds, umax = (5.8e-01, 6.0e-01, 5.5e-02) ms⁻¹, wall time: 15.989 hours
i: 437000, t: 151.649 days, Δt: 30 seconds, umax = (5.5e-01, 6.2e-01, 5.0e-02) ms⁻¹, wall time: 16.025 hours
i: 438000, t: 151.996 days, Δt: 30 seconds, umax = (5.9e-01, 5.9e-01, 6.0e-02) ms⁻¹, wall time: 16.061 hours
i: 439000, t: 152.343 days, Δt: 30 seconds, umax = (6.2e-01, 5.8e-01, 5.7e-02) ms⁻¹, wall time: 16.097 hours
i: 440000, t: 152.691 days, Δt: 30 seconds, umax = (5.8e-01, 6.1e-01, 4.9e-02) ms⁻¹, wall time: 16.133 hours
i: 441000, t: 153.038 days, Δt: 30 seconds, umax = (5.5e-01, 6.1e-01, 5.0e-02) ms⁻¹, wall time: 16.170 hours
i: 442000, t: 153.385 days, Δt: 30 seconds, umax = (5.8e-01, 5.9e-01, 5.0e-02) ms⁻¹, wall time: 16.206 hours
i: 443000, t: 153.732 days, Δt: 30 seconds, umax = (6.1e-01, 5.9e-01, 5.0e-02) ms⁻¹, wall time: 16.241 hours
i: 444000, t: 154.080 days, Δt: 30 seconds, umax = (5.7e-01, 6.1e-01, 4.8e-02) ms⁻¹, wall time: 16.278 hours
i: 445000, t: 154.427 days, Δt: 30 seconds, umax = (5.3e-01, 6.3e-01, 4.5e-02) ms⁻¹, wall time: 16.313 hours
i: 446000, t: 154.774 days, Δt: 30 seconds, umax = (5.7e-01, 6.1e-01, 4.9e-02) ms⁻¹, wall time: 16.349 hours
i: 447000, t: 155.121 days, Δt: 30 seconds, umax = (5.9e-01, 6.0e-01, 4.4e-02) ms⁻¹, wall time: 16.385 hours
i: 448000, t: 155.468 days, Δt: 30 seconds, umax = (5.7e-01, 6.1e-01, 5.8e-02) ms⁻¹, wall time: 16.420 hours
i: 449000, t: 155.816 days, Δt: 30 seconds, umax = (5.4e-01, 6.2e-01, 5.5e-02) ms⁻¹, wall time: 16.456 hours
i: 450000, t: 156.163 days, Δt: 30 seconds, umax = (5.6e-01, 6.1e-01, 5.4e-02) ms⁻¹, wall time: 16.492 hours
i: 451000, t: 156.510 days, Δt: 30 seconds, umax = (6.0e-01, 5.9e-01, 5.1e-02) ms⁻¹, wall time: 16.527 hours
i: 452000, t: 156.857 days, Δt: 30 seconds, umax = (5.8e-01, 6.0e-01, 5.4e-02) ms⁻¹, wall time: 16.562 hours
i: 453000, t: 157.205 days, Δt: 30 seconds, umax = (5.6e-01, 6.3e-01, 4.8e-02) ms⁻¹, wall time: 16.598 hours
i: 454000, t: 157.552 days, Δt: 30 seconds, umax = (5.5e-01, 6.1e-01, 4.7e-02) ms⁻¹, wall time: 16.633 hours
i: 455000, t: 157.899 days, Δt: 30 seconds, umax = (5.6e-01, 6.2e-01, 4.9e-02) ms⁻¹, wall time: 16.669 hours
i: 456000, t: 158.246 days, Δt: 30 seconds, umax = (5.8e-01, 5.8e-01, 5.5e-02) ms⁻¹, wall time: 16.705 hours
i: 457000, t: 158.593 days, Δt: 30 seconds, umax = (5.7e-01, 6.0e-01, 4.7e-02) ms⁻¹, wall time: 16.740 hours
i: 458000, t: 158.941 days, Δt: 30 seconds, umax = (5.8e-01, 6.1e-01, 4.8e-02) ms⁻¹, wall time: 16.775 hours
i: 459000, t: 159.288 days, Δt: 30 seconds, umax = (5.6e-01, 6.1e-01, 4.6e-02) ms⁻¹, wall time: 16.811 hours
i: 460000, t: 159.635 days, Δt: 30 seconds, umax = (5.8e-01, 5.7e-01, 5.5e-02) ms⁻¹, wall time: 16.846 hours
i: 461000, t: 159.982 days, Δt: 30 seconds, umax = (6.0e-01, 5.7e-01, 6.1e-02) ms⁻¹, wall time: 16.882 hours
i: 462000, t: 160.330 days, Δt: 30 seconds, umax = (5.9e-01, 5.8e-01, 6.0e-02) ms⁻¹, wall time: 16.917 hours
i: 463000, t: 160.677 days, Δt: 30 seconds, umax = (5.9e-01, 5.8e-01, 6.2e-02) ms⁻¹, wall time: 16.953 hours
i: 464000, t: 161.024 days, Δt: 30 seconds, umax = (5.9e-01, 5.8e-01, 5.9e-02) ms⁻¹, wall time: 16.989 hours
i: 465000, t: 161.371 days, Δt: 30 seconds, umax = (6.2e-01, 5.6e-01, 6.2e-02) ms⁻¹, wall time: 17.024 hours
i: 466000, t: 161.718 days, Δt: 30 seconds, umax = (6.2e-01, 5.7e-01, 5.2e-02) ms⁻¹, wall time: 17.059 hours
i: 467000, t: 162.066 days, Δt: 30 seconds, umax = (6.1e-01, 5.8e-01, 5.0e-02) ms⁻¹, wall time: 17.095 hours
i: 468000, t: 162.413 days, Δt: 30 seconds, umax = (6.0e-01, 5.7e-01, 5.4e-02) ms⁻¹, wall time: 17.130 hours
i: 469000, t: 162.760 days, Δt: 30 seconds, umax = (6.1e-01, 5.5e-01, 5.4e-02) ms⁻¹, wall time: 17.166 hours
i: 470000, t: 163.107 days, Δt: 30 seconds, umax = (6.0e-01, 5.6e-01, 5.2e-02) ms⁻¹, wall time: 17.202 hours
i: 471000, t: 163.455 days, Δt: 30 seconds, umax = (6.0e-01, 5.4e-01, 4.8e-02) ms⁻¹, wall time: 17.237 hours
i: 472000, t: 163.802 days, Δt: 30 seconds, umax = (5.9e-01, 5.6e-01, 5.0e-02) ms⁻¹, wall time: 17.273 hours
i: 473000, t: 164.149 days, Δt: 30 seconds, umax = (6.1e-01, 5.5e-01, 7.1e-02) ms⁻¹, wall time: 17.309 hours
i: 474000, t: 164.496 days, Δt: 30 seconds, umax = (6.0e-01, 5.7e-01, 5.4e-02) ms⁻¹, wall time: 17.344 hours
i: 475000, t: 164.843 days, Δt: 30 seconds, umax = (6.0e-01, 5.7e-01, 5.7e-02) ms⁻¹, wall time: 17.380 hours
i: 476000, t: 165.191 days, Δt: 30 seconds, umax = (5.9e-01, 5.7e-01, 5.7e-02) ms⁻¹, wall time: 17.416 hours
i: 477000, t: 165.538 days, Δt: 30 seconds, umax = (6.1e-01, 5.6e-01, 5.7e-02) ms⁻¹, wall time: 17.452 hours
i: 478000, t: 165.885 days, Δt: 30 seconds, umax = (5.9e-01, 5.9e-01, 6.4e-02) ms⁻¹, wall time: 17.487 hours
i: 479000, t: 166.232 days, Δt: 30 seconds, umax = (5.7e-01, 5.7e-01, 6.3e-02) ms⁻¹, wall time: 17.524 hours
i: 480000, t: 166.580 days, Δt: 30 seconds, umax = (5.8e-01, 5.6e-01, 6.3e-02) ms⁻¹, wall time: 17.559 hours
i: 481000, t: 166.927 days, Δt: 30 seconds, umax = (5.8e-01, 5.7e-01, 5.9e-02) ms⁻¹, wall time: 17.595 hours
i: 482000, t: 167.274 days, Δt: 30 seconds, umax = (5.9e-01, 5.8e-01, 5.0e-02) ms⁻¹, wall time: 17.631 hours
i: 483000, t: 167.621 days, Δt: 30 seconds, umax = (5.6e-01, 6.0e-01, 5.2e-02) ms⁻¹, wall time: 17.667 hours
i: 484000, t: 167.968 days, Δt: 30 seconds, umax = (5.6e-01, 6.0e-01, 5.5e-02) ms⁻¹, wall time: 17.702 hours
i: 485000, t: 168.316 days, Δt: 30 seconds, umax = (5.5e-01, 6.2e-01, 6.6e-02) ms⁻¹, wall time: 17.738 hours
i: 486000, t: 168.663 days, Δt: 30 seconds, umax = (5.4e-01, 6.1e-01, 5.7e-02) ms⁻¹, wall time: 17.774 hours
i: 487000, t: 169.010 days, Δt: 30 seconds, umax = (5.4e-01, 5.9e-01, 5.7e-02) ms⁻¹, wall time: 17.810 hours
i: 488000, t: 169.357 days, Δt: 30 seconds, umax = (5.7e-01, 5.9e-01, 6.2e-02) ms⁻¹, wall time: 17.845 hours
i: 489000, t: 169.705 days, Δt: 30 seconds, umax = (5.6e-01, 6.0e-01, 5.3e-02) ms⁻¹, wall time: 17.881 hours
i: 490000, t: 170.052 days, Δt: 30 seconds, umax = (5.6e-01, 6.0e-01, 5.3e-02) ms⁻¹, wall time: 17.917 hours
i: 491000, t: 170.399 days, Δt: 30 seconds, umax = (5.6e-01, 6.0e-01, 5.3e-02) ms⁻¹, wall time: 17.952 hours
i: 492000, t: 170.746 days, Δt: 30 seconds, umax = (5.8e-01, 6.1e-01, 5.9e-02) ms⁻¹, wall time: 17.988 hours
i: 493000, t: 171.093 days, Δt: 30 seconds, umax = (5.5e-01, 6.1e-01, 5.0e-02) ms⁻¹, wall time: 18.024 hours
i: 494000, t: 171.441 days, Δt: 30 seconds, umax = (5.4e-01, 6.1e-01, 5.4e-02) ms⁻¹, wall time: 18.059 hours
i: 495000, t: 171.788 days, Δt: 30 seconds, umax = (5.3e-01, 6.0e-01, 6.4e-02) ms⁻¹, wall time: 18.095 hours
i: 496000, t: 172.135 days, Δt: 30 seconds, umax = (5.3e-01, 6.0e-01, 5.2e-02) ms⁻¹, wall time: 18.130 hours
i: 497000, t: 172.482 days, Δt: 30 seconds, umax = (5.5e-01, 5.8e-01, 5.2e-02) ms⁻¹, wall time: 18.166 hours
i: 498000, t: 172.830 days, Δt: 30 seconds, umax = (5.5e-01, 5.7e-01, 5.8e-02) ms⁻¹, wall time: 18.201 hours
i: 499000, t: 173.177 days, Δt: 30 seconds, umax = (5.7e-01, 5.6e-01, 5.3e-02) ms⁻¹, wall time: 18.237 hours
i: 500000, t: 173.524 days, Δt: 30 seconds, umax = (5.7e-01, 5.7e-01, 5.4e-02) ms⁻¹, wall time: 18.272 hours
i: 501000, t: 173.871 days, Δt: 30 seconds, umax = (5.8e-01, 5.8e-01, 6.1e-02) ms⁻¹, wall time: 18.307 hours
i: 502000, t: 174.218 days, Δt: 30 seconds, umax = (5.6e-01, 5.8e-01, 5.6e-02) ms⁻¹, wall time: 18.343 hours
i: 503000, t: 174.566 days, Δt: 30 seconds, umax = (5.8e-01, 5.8e-01, 5.3e-02) ms⁻¹, wall time: 18.378 hours
i: 504000, t: 174.913 days, Δt: 30 seconds, umax = (5.6e-01, 5.9e-01, 5.8e-02) ms⁻¹, wall time: 18.413 hours
i: 505000, t: 175.260 days, Δt: 30 seconds, umax = (5.6e-01, 5.6e-01, 5.8e-02) ms⁻¹, wall time: 18.449 hours
i: 506000, t: 175.607 days, Δt: 30 seconds, umax = (5.6e-01, 5.5e-01, 5.0e-02) ms⁻¹, wall time: 18.484 hours
i: 507000, t: 175.955 days, Δt: 30 seconds, umax = (5.7e-01, 5.4e-01, 5.6e-02) ms⁻¹, wall time: 18.519 hours
i: 508000, t: 176.302 days, Δt: 30 seconds, umax = (5.8e-01, 5.1e-01, 4.8e-02) ms⁻¹, wall time: 18.554 hours
i: 509000, t: 176.649 days, Δt: 30 seconds, umax = (5.9e-01, 5.0e-01, 5.7e-02) ms⁻¹, wall time: 18.589 hours
i: 510000, t: 176.996 days, Δt: 30 seconds, umax = (6.0e-01, 5.1e-01, 7.8e-02) ms⁻¹, wall time: 18.624 hours
i: 511000, t: 177.343 days, Δt: 30 seconds, umax = (5.9e-01, 5.2e-01, 6.1e-02) ms⁻¹, wall time: 18.660 hours
i: 512000, t: 177.691 days, Δt: 30 seconds, umax = (5.9e-01, 5.1e-01, 5.2e-02) ms⁻¹, wall time: 18.695 hours
i: 513000, t: 178.038 days, Δt: 30 seconds, umax = (5.9e-01, 5.3e-01, 4.9e-02) ms⁻¹, wall time: 18.730 hours
i: 514000, t: 178.385 days, Δt: 30 seconds, umax = (6.0e-01, 5.3e-01, 5.5e-02) ms⁻¹, wall time: 18.765 hours
i: 515000, t: 178.732 days, Δt: 30 seconds, umax = (5.8e-01, 5.6e-01, 5.2e-02) ms⁻¹, wall time: 18.800 hours
i: 516000, t: 179.080 days, Δt: 30 seconds, umax = (5.8e-01, 5.6e-01, 5.2e-02) ms⁻¹, wall time: 18.836 hours
i: 517000, t: 179.427 days, Δt: 30 seconds, umax = (5.7e-01, 5.7e-01, 5.4e-02) ms⁻¹, wall time: 18.871 hours
i: 518000, t: 179.774 days, Δt: 30 seconds, umax = (5.8e-01, 5.6e-01, 5.5e-02) ms⁻¹, wall time: 18.906 hours
i: 519000, t: 180.121 days, Δt: 30 seconds, umax = (5.6e-01, 5.7e-01, 6.3e-02) ms⁻¹, wall time: 18.943 hours
i: 520000, t: 180.468 days, Δt: 30 seconds, umax = (5.7e-01, 5.5e-01, 5.2e-02) ms⁻¹, wall time: 18.978 hours
i: 521000, t: 180.816 days, Δt: 30 seconds, umax = (5.7e-01, 5.6e-01, 5.6e-02) ms⁻¹, wall time: 19.013 hours
